<?xml version="1.0" encoding="UTF-8"?>
<testsuites name="bun test" tests="419" assertions="2941" failures="0" skipped="0" time="107.7556729">
  <testsuite name="tests\authAuthorization.test.ts" file="tests\authAuthorization.test.ts" tests="8" assertions="23" failures="0" skipped="0" time="0" hostname="">
    <testsuite name="Day 5 Authentication &amp; Authorization Verification" file="tests\authAuthorization.test.ts" line="31" tests="8" assertions="23" failures="0" skipped="0" time="0.394" hostname="">
      <testcase name="authenticates request using valid mock JWT in test environment" classname="Day 5 Authentication &amp;amp; Authorization Verification" time="0.000305" file="tests\authAuthorization.test.ts" line="32" assertions="3" />
      <testcase name="rejects unauthenticated request with 401 when no token or persona supplied" classname="Day 5 Authentication &amp;amp; Authorization Verification" time="0.000191" file="tests\authAuthorization.test.ts" line="43" assertions="3" />
      <testcase name="rejects invalid or expired token with 401" classname="Day 5 Authentication &amp;amp; Authorization Verification" time="0.39431" file="tests\authAuthorization.test.ts" line="57" assertions="3" />
      <testcase name="successfully authenticates with evaluation persona headers" classname="Day 5 Authentication &amp;amp; Authorization Verification" time="0.000342" file="tests\authAuthorization.test.ts" line="73" assertions="4" />
      <testcase name="rejects unsupported or fraudulent evaluation role" classname="Day 5 Authentication &amp;amp; Authorization Verification" time="0.000202" file="tests\authAuthorization.test.ts" line="92" assertions="3" />
      <testcase name="requireRole allows users with permitted role" classname="Day 5 Authentication &amp;amp; Authorization Verification" time="0.000195" file="tests\authAuthorization.test.ts" line="108" assertions="2" />
      <testcase name="requireRole blocks unauthorized role with 403 Forbidden" classname="Day 5 Authentication &amp;amp; Authorization Verification" time="0.000088" file="tests\authAuthorization.test.ts" line="123" assertions="4" />
      <testcase name="admin role bypasses role restrictions safely" classname="Day 5 Authentication &amp;amp; Authorization Verification" time="0.000075" file="tests\authAuthorization.test.ts" line="140" assertions="1" />
    </testsuite>
  </testsuite>
  <testsuite name="tests\bhuvanIntegration.test.ts" file="tests\bhuvanIntegration.test.ts" tests="17" assertions="861" failures="0" skipped="0" time="0" hostname="">
    <testsuite name="Bhuvan / ISRO Geospatial Integration Verification Suite" file="tests\bhuvanIntegration.test.ts" line="35" tests="17" assertions="861" failures="0" skipped="0" time="0" hostname="">
      <testsuite name="1. Active Catalogue Verification Metadata" file="tests\bhuvanIntegration.test.ts" line="41" tests="2" assertions="483" failures="0" skipped="0" time="0" hostname="">
        <testcase name="verifies every active catalogue entry possesses complete live verification metadata" classname="1. Active Catalogue Verification Metadata &amp;gt; Bhuvan / ISRO Geospatial Integration Verification Suite" time="0.00019" file="tests\bhuvanIntegration.test.ts" line="42" assertions="478" />
        <testcase name="uses verified public NRSC endpoints without API keys" classname="1. Active Catalogue Verification Metadata &amp;gt; Bhuvan / ISRO Geospatial Integration Verification Suite" time="0.000025" file="tests\bhuvanIntegration.test.ts" line="59" assertions="5" />
      </testsuite>
      <testsuite name="2. Disabled &amp; Unavailable Layers Protection" file="tests\bhuvanIntegration.test.ts" line="71" tests="2" assertions="171" failures="0" skipped="0" time="0" hostname="">
        <testcase name="never returns disabled or unverified layers from resolveBhuvanLayers" classname="2. Disabled &amp;amp; Unavailable Layers Protection &amp;gt; Bhuvan / ISRO Geospatial Integration Verification Suite" time="0.000429" file="tests\bhuvanIntegration.test.ts" line="72" assertions="162" />
        <testcase name="strictly preserves disabled legacy placeholders with unavailable verification status in catalogue" classname="2. Disabled &amp;amp; Unavailable Layers Protection &amp;gt; Bhuvan / ISRO Geospatial Integration Verification Suite" time="0.000121" file="tests\bhuvanIntegration.test.ts" line="86" assertions="9" />
      </testsuite>
      <testsuite name="3. All-India Geography Resolution (28 States &amp; 8 UTs)" file="tests\bhuvanIntegration.test.ts" line="108" tests="3" assertions="116" failures="0" skipped="0" time="0" hostname="">
        <testcase name="normalizes freeform state names, aliases, and ISO codes cleanly" classname="3. All-India Geography Resolution (28 States &amp;amp; 8 UTs) &amp;gt; Bhuvan / ISRO Geospatial Integration Verification Suite" time="0.000567" file="tests\bhuvanIntegration.test.ts" line="109" assertions="9" />
        <testcase name="resolves verified LULC layers for all 28 Indian States" classname="3. All-India Geography Resolution (28 States &amp;amp; 8 UTs) &amp;gt; Bhuvan / ISRO Geospatial Integration Verification Suite" time="0.000611" file="tests\bhuvanIntegration.test.ts" line="121" assertions="84" />
        <testcase name="resolves verified LULC layers for 7 UTs and honestly reports Ladakh as unavailable" classname="3. All-India Geography Resolution (28 States &amp;amp; 8 UTs) &amp;gt; Bhuvan / ISRO Geospatial Integration Verification Suite" time="0.000239" file="tests\bhuvanIntegration.test.ts" line="135" assertions="23" />
      </testsuite>
      <testsuite name="4. Multi-State Corridor Resolution" file="tests\bhuvanIntegration.test.ts" line="154" tests="2" assertions="6" failures="0" skipped="0" time="0" hostname="">
        <testcase name="resolves verified layers for multiple covered jurisdictions without fabricating cross-border continuity" classname="4. Multi-State Corridor Resolution &amp;gt; Bhuvan / ISRO Geospatial Integration Verification Suite" time="0.000058" file="tests\bhuvanIntegration.test.ts" line="155" assertions="4" />
        <testcase name="returns both verified state layers and honest unavailable report when a multi-state corridor includes an uncovered jurisdiction" classname="4. Multi-State Corridor Resolution &amp;gt; Bhuvan / ISRO Geospatial Integration Verification Suite" time="0.000043" file="tests\bhuvanIntegration.test.ts" line="168" assertions="2" />
      </testsuite>
      <testsuite name="5. National &amp; Regional Layer Resolution" file="tests\bhuvanIntegration.test.ts" line="183" tests="1" assertions="6" failures="0" skipped="0" time="0" hostname="">
        <testcase name="resolves verified regional Ganga basin land cover layer and interstate boundary line" classname="5. National &amp;amp; Regional Layer Resolution &amp;gt; Bhuvan / ISRO Geospatial Integration Verification Suite" time="0.000081" file="tests\bhuvanIntegration.test.ts" line="184" assertions="6" />
      </testsuite>
      <testsuite name="6. Disaster Workspace Capability-Specific Resolution" file="tests\bhuvanIntegration.test.ts" line="202" tests="2" assertions="59" failures="0" skipped="0" time="0" hostname="">
        <testcase name="resolves verified landslide susceptibility layers for mountainous states" classname="6. Disaster Workspace Capability-Specific Resolution &amp;gt; Bhuvan / ISRO Geospatial Integration Verification Suite" time="0.000144" file="tests\bhuvanIntegration.test.ts" line="203" assertions="45" />
        <testcase name="honestly reports disaster layers as unavailable for non-mountainous / plains states" classname="6. Disaster Workspace Capability-Specific Resolution &amp;gt; Bhuvan / ISRO Geospatial Integration Verification Suite" time="0.00008" file="tests\bhuvanIntegration.test.ts" line="213" assertions="14" />
      </testsuite>
      <testsuite name="7. LULC Capability-Specific Resolution" file="tests\bhuvanIntegration.test.ts" line="227" tests="1" assertions="4" failures="0" skipped="0" time="0" hostname="">
        <testcase name="resolves LULC 50k layers specifically when workspace is lulc" classname="7. LULC Capability-Specific Resolution &amp;gt; Bhuvan / ISRO Geospatial Integration Verification Suite" time="0.000027" file="tests\bhuvanIntegration.test.ts" line="228" assertions="4" />
      </testsuite>
      <testsuite name="8. Capability-Specific Workspace Health Checking" file="tests\bhuvanIntegration.test.ts" line="240" tests="3" assertions="11" failures="0" skipped="0" time="0" hostname="">
        <testcase name="reports workspace breakdown for LULC and Disaster and handles partial workspace degradation" classname="8. Capability-Specific Workspace Health Checking &amp;gt; Bhuvan / ISRO Geospatial Integration Verification Suite" time="0.000529" file="tests\bhuvanIntegration.test.ts" line="241" assertions="4" />
        <testcase name="reports unavailable when both workspaces fail" classname="8. Capability-Specific Workspace Health Checking &amp;gt; Bhuvan / ISRO Geospatial Integration Verification Suite" time="0.00013" file="tests\bhuvanIntegration.test.ts" line="271" assertions="3" />
        <testcase name="caches capabilities in memory to prevent repeated external network requests" classname="8. Capability-Specific Workspace Health Checking &amp;gt; Bhuvan / ISRO Geospatial Integration Verification Suite" time="0.000494" file="tests\bhuvanIntegration.test.ts" line="287" assertions="4" />
      </testsuite>
      <testsuite name="9. Strict Intelligence Boundary Invariance" file="tests\bhuvanIntegration.test.ts" line="316" tests="1" assertions="5" failures="0" skipped="0" time="0.001" hostname="">
        <testcase name="proves Bhuvan WMS presence produces zero change to numerical risk, bottlenecks, and SLA" classname="9. Strict Intelligence Boundary Invariance &amp;gt; Bhuvan / ISRO Geospatial Integration Verification Suite" time="0.00168" file="tests\bhuvanIntegration.test.ts" line="317" assertions="5" />
      </testsuite>
    </testsuite>
  </testsuite>
  <testsuite name="tests\day1Integrations.test.ts" file="tests\day1Integrations.test.ts" tests="17" assertions="103" failures="0" skipped="0" time="0" hostname="">
    <testsuite name="Day 1 Foundation: Real Data &amp; Integration Layer Verification" file="tests\day1Integrations.test.ts" line="18" tests="17" assertions="103" failures="0" skipped="0" time="6.164" hostname="">
      <testcase name="1. accurately detects whether Supabase is configured" classname="Day 1 Foundation: Real Data &amp;amp; Integration Layer Verification" time="0.000018" file="tests\day1Integrations.test.ts" line="21" assertions="1" />
      <testcase name="2. detects and rejects placeholder credentials in environment" classname="Day 1 Foundation: Real Data &amp;amp; Integration Layer Verification" time="0.000016" file="tests\day1Integrations.test.ts" line="27" assertions="1" />
      <testcase name="3. reports honest error and refuses to masquerade offline state as remote persistence" classname="Day 1 Foundation: Real Data &amp;amp; Integration Layer Verification" time="1.178107" file="tests\day1Integrations.test.ts" line="42" assertions="4" />
      <testcase name="4. strictly requires valid credentials and parses evaluation personas in dev mode" classname="Day 1 Foundation: Real Data &amp;amp; Integration Layer Verification" time="0.000557" file="tests\day1Integrations.test.ts" line="55" assertions="5" />
      <testcase name="5. validates storage path naming and content types for documents" classname="Day 1 Foundation: Real Data &amp;amp; Integration Layer Verification" time="0.000166" file="tests\day1Integrations.test.ts" line="81" assertions="3" />
      <testcase name="6. validates structured document extraction output against strict Zod schema" classname="Day 1 Foundation: Real Data &amp;amp; Integration Layer Verification" time="0.002749" file="tests\day1Integrations.test.ts" line="93" assertions="4" />
      <testcase name="7. safely handles missing API keys without throwing uncaught exceptions" classname="Day 1 Foundation: Real Data &amp;amp; Integration Layer Verification" time="0.001043" file="tests\day1Integrations.test.ts" line="129" assertions="4" />
      <testcase name="8. strictly isolates missing information and never fabricates legal data" classname="Day 1 Foundation: Real Data &amp;amp; Integration Layer Verification" time="0.000246" file="tests\day1Integrations.test.ts" line="149" assertions="4" />
      <testcase name="9. correctly manages subscription lifecycle and executes cleanup on unsubscribe" classname="Day 1 Foundation: Real Data &amp;amp; Integration Layer Verification" time="0.002838" file="tests\day1Integrations.test.ts" line="168" assertions="2" />
      <testcase name="10. normalizes raw Nominatim geocode responses into standard schema" classname="Day 1 Foundation: Real Data &amp;amp; Integration Layer Verification" time="0.000084" file="tests\day1Integrations.test.ts" line="181" assertions="5" />
      <testcase name="11. strictly throws on out-of-bounds coordinates without fabricating coordinates" classname="Day 1 Foundation: Real Data &amp;amp; Integration Layer Verification" time="0.000313" file="tests\day1Integrations.test.ts" line="223" assertions="2" />
      <testcase name="12. dynamically stores and retrieves administrative hierarchy without hardcoded lists" classname="Day 1 Foundation: Real Data &amp;amp; Integration Layer Verification" time="0.000224" file="tests\day1Integrations.test.ts" line="237" assertions="5" />
      <testcase name="13. processes structured imports, records validation errors, and returns honest summary" classname="Day 1 Foundation: Real Data &amp;amp; Integration Layer Verification" time="0.918986" file="tests\day1Integrations.test.ts" line="263" assertions="5" />
      <testcase name="14. tracks data provenance with statutory classification and officer verification" classname="Day 1 Foundation: Real Data &amp;amp; Integration Layer Verification" time="0.88336" file="tests\day1Integrations.test.ts" line="298" assertions="5" />
      <testcase name="15. strictly separates configured from operational in telemetry diagnostics" classname="Day 1 Foundation: Real Data &amp;amp; Integration Layer Verification" time="0.644965" file="tests\day1Integrations.test.ts" line="323" assertions="5" />
      <testcase name="16. strictly never exposes API keys or secrets in telemetry or data source outputs" classname="Day 1 Foundation: Real Data &amp;amp; Integration Layer Verification" time="1.95166" file="tests\day1Integrations.test.ts" line="333" assertions="45" />
      <testcase name="17. preserves existing system policy and workflow calculation functionality" classname="Day 1 Foundation: Real Data &amp;amp; Integration Layer Verification" time="0.585202" file="tests\day1Integrations.test.ts" line="365" assertions="3" />
    </testsuite>
  </testsuite>
  <testsuite name="tests\day2ExternalData.test.ts" file="tests\day2ExternalData.test.ts" tests="20" assertions="101" failures="0" skipped="0" time="0" hostname="">
    <testsuite name="Day 2 Live Data, Multi-Source Intelligence &amp; Data Freshness" file="tests\day2ExternalData.test.ts" line="39" tests="20" assertions="101" failures="0" skipped="0" time="10.722" hostname="">
      <testcase name="1. registers open_meteo as a first-class meteorological data source in registry" classname="Day 2 Live Data, Multi-Source Intelligence &amp;amp; Data Freshness" time="0.638167" file="tests\day2ExternalData.test.ts" line="53" assertions="5" />
      <testcase name="2. evaluates live operational status truthfully across configured, operational, and disabled states" classname="Day 2 Live Data, Multi-Source Intelligence &amp;amp; Data Freshness" time="0.602101" file="tests\day2ExternalData.test.ts" line="65" assertions="3" />
      <testcase name="3. normalizes real provider response into standard atmospheric schema using genuine coordinates" classname="Day 2 Live Data, Multi-Source Intelligence &amp;amp; Data Freshness" time="1.202108" file="tests\day2ExternalData.test.ts" line="82" assertions="9" />
      <testcase name="4. handles provider timeouts safely without hanging or crashing" classname="Day 2 Live Data, Multi-Source Intelligence &amp;amp; Data Freshness" time="0.000503" file="tests\day2ExternalData.test.ts" line="104" assertions="3" />
      <testcase name="5. handles provider HTTP errors gracefully without exposing internal stack traces" classname="Day 2 Live Data, Multi-Source Intelligence &amp;amp; Data Freshness" time="1.08717" file="tests\day2ExternalData.test.ts" line="112" assertions="2" />
      <testcase name="6. honestly reports not_configured for unconfigured providers without fabricating responses" classname="Day 2 Live Data, Multi-Source Intelligence &amp;amp; Data Freshness" time="0.58581" file="tests\day2ExternalData.test.ts" line="121" assertions="3" />
      <testcase name="7. safely handles invalid or unmapped WMO weather codes" classname="Day 2 Live Data, Multi-Source Intelligence &amp;amp; Data Freshness" time="0.000338" file="tests\day2ExternalData.test.ts" line="129" assertions="5" />
      <testcase name="8. calculates fresh observation state for readings observed within SLA window" classname="Day 2 Live Data, Multi-Source Intelligence &amp;amp; Data Freshness" time="0.00036" file="tests\day2ExternalData.test.ts" line="138" assertions="4" />
      <testcase name="9. accurately flags observations between 2 hours and 24 hours as stale" classname="Day 2 Live Data, Multi-Source Intelligence &amp;amp; Data Freshness" time="0.000299" file="tests\day2ExternalData.test.ts" line="151" assertions="4" />
      <testcase name="10. flags observations older than 24 hours as expired" classname="Day 2 Live Data, Multi-Source Intelligence &amp;amp; Data Freshness" time="0.000316" file="tests\day2ExternalData.test.ts" line="164" assertions="4" />
      <testcase name="11. creates statutory provenance trail classified as EXTERNALLY_SOURCED" classname="Day 2 Live Data, Multi-Source Intelligence &amp;amp; Data Freshness" time="0.590927" file="tests\day2ExternalData.test.ts" line="177" assertions="4" />
      <testcase name="12. calculates explainable 0-100 data quality score with dimensional audit trail" classname="Day 2 Live Data, Multi-Source Intelligence &amp;amp; Data Freshness" time="0.000704" file="tests\day2ExternalData.test.ts" line="197" assertions="8" />
      <testcase name="13. detects coordinate mismatches exceeding statutory threshold across multiple sources" classname="Day 2 Live Data, Multi-Source Intelligence &amp;amp; Data Freshness" time="0.290053" file="tests\day2ExternalData.test.ts" line="227" assertions="4" />
      <testcase name="14. strictly reports &quot;Insufficient sources for cross-source comparison&quot; when only 1 source exists" classname="Day 2 Live Data, Multi-Source Intelligence &amp;amp; Data Freshness" time="0.000514" file="tests\day2ExternalData.test.ts" line="254" assertions="3" />
      <testcase name="15. associates external observations dynamically by GIS coordinates without hardcoding" classname="Day 2 Live Data, Multi-Source Intelligence &amp;amp; Data Freshness" time="1.097788" file="tests\day2ExternalData.test.ts" line="273" assertions="4" />
      <testcase name="16. traces external intelligence input: inflates risk only for severe fresh weather; contextual otherwise" classname="Day 2 Live Data, Multi-Source Intelligence &amp;amp; Data Freshness" time="0.002902" file="tests\day2ExternalData.test.ts" line="288" assertions="4" />
      <testcase name="17. correctly manages source sync realtime subscription lifecycle with cleanup" classname="Day 2 Live Data, Multi-Source Intelligence &amp;amp; Data Freshness" time="0.002951" file="tests\day2ExternalData.test.ts" line="401" assertions="1" />
      <testcase name="18. deduplicates concurrent in-flight sync requests for the same source" classname="Day 2 Live Data, Multi-Source Intelligence &amp;amp; Data Freshness" time="2.340546" file="tests\day2ExternalData.test.ts" line="413" assertions="2" />
      <testcase name="19. strictly never leaks server secrets in external observations, metadata, or registry" classname="Day 2 Live Data, Multi-Source Intelligence &amp;amp; Data Freshness" time="1.672594" file="tests\day2ExternalData.test.ts" line="428" assertions="24" />
      <testcase name="20. strictly falls back to cached observation marked STALE or DATA_UNAVAILABLE when remote fails, never fakes data" classname="Day 2 Live Data, Multi-Source Intelligence &amp;amp; Data Freshness" time="0.615315" file="tests\day2ExternalData.test.ts" line="443" assertions="5" />
    </testsuite>
  </testsuite>
  <testsuite name="tests\day3HardeningVerification.test.ts" file="tests\day3HardeningVerification.test.ts" tests="13" assertions="46" failures="0" skipped="0" time="0" hostname="">
    <testsuite name="BhoomiSetu Day 3 Final Hardening &amp; Verification Pass" file="tests\day3HardeningVerification.test.ts" line="24" tests="13" assertions="46" failures="0" skipped="0" time="0" hostname="">
      <testsuite name="1. Predictive Delay Arithmetic &amp; Evidence Traceability" file="tests\day3HardeningVerification.test.ts" line="104" tests="3" assertions="11" failures="0" skipped="0" time="0.001" hostname="">
        <testcase name="manually traces completed milestones velocity calculation with exact arithmetic" classname="1. Predictive Delay Arithmetic &amp;amp; Evidence Traceability &amp;gt; BhoomiSetu Day 3 Final Hardening &amp;amp; Verification Pass" time="0.001102" file="tests\day3HardeningVerification.test.ts" line="105" assertions="5" />
        <testcase name="honestly reports statutory baseline and limitations when 0 milestones completed" classname="1. Predictive Delay Arithmetic &amp;amp; Evidence Traceability &amp;gt; BhoomiSetu Day 3 Final Hardening &amp;amp; Verification Pass" time="0.000443" file="tests\day3HardeningVerification.test.ts" line="176" assertions="4" />
        <testcase name="does not double-count active stage overdue in expected additional delay" classname="1. Predictive Delay Arithmetic &amp;amp; Evidence Traceability &amp;gt; BhoomiSetu Day 3 Final Hardening &amp;amp; Verification Pass" time="0.000292" file="tests\day3HardeningVerification.test.ts" line="205" assertions="2" />
      </testsuite>
      <testsuite name="2. Runtime System Policy Dynamic Usage" file="tests\day3HardeningVerification.test.ts" line="239" tests="2" assertions="5" failures="0" skipped="0" time="1.207" hostname="">
        <testcase name="modifies predictive delay calculations immediately when policy is updated at runtime" classname="2. Runtime System Policy Dynamic Usage &amp;gt; BhoomiSetu Day 3 Final Hardening &amp;amp; Verification Pass" time="0.610285" file="tests\day3HardeningVerification.test.ts" line="240" assertions="2" />
        <testcase name="modifies recommendation urgency thresholds dynamically when policy is updated" classname="2. Runtime System Policy Dynamic Usage &amp;gt; BhoomiSetu Day 3 Final Hardening &amp;amp; Verification Pass" time="0.597825" file="tests\day3HardeningVerification.test.ts" line="303" assertions="3" />
      </testsuite>
      <testsuite name="3. Downstream Schedule DAG Impact: 5 Canonical Cases" file="tests\day3HardeningVerification.test.ts" line="344" tests="5" assertions="17" failures="0" skipped="0" time="0" hostname="">
        <testcase name="Case A: evaluates stage with zero dependencies without artificial propagation" classname="3. Downstream Schedule DAG Impact: 5 Canonical Cases &amp;gt; BhoomiSetu Day 3 Final Hardening &amp;amp; Verification Pass" time="0.000367" file="tests\day3HardeningVerification.test.ts" line="346" assertions="5" />
        <testcase name="Case B: propagates delay directly from Stage 1 to single dependent Stage 2" classname="3. Downstream Schedule DAG Impact: 5 Canonical Cases &amp;gt; BhoomiSetu Day 3 Final Hardening &amp;amp; Verification Pass" time="0.000639" file="tests\day3HardeningVerification.test.ts" line="378" assertions="3" />
        <testcase name="Case C: propagates delay along multi-level chain without double-counting net project slip" classname="3. Downstream Schedule DAG Impact: 5 Canonical Cases &amp;gt; BhoomiSetu Day 3 Final Hardening &amp;amp; Verification Pass" time="0.000728" file="tests\day3HardeningVerification.test.ts" line="424" assertions="4" />
        <testcase name="Case D: correctly identifies non-critical parallel stage with positive schedule slack" classname="3. Downstream Schedule DAG Impact: 5 Canonical Cases &amp;gt; BhoomiSetu Day 3 Final Hardening &amp;amp; Verification Pass" time="0.000497" file="tests\day3HardeningVerification.test.ts" line="485" assertions="3" />
        <testcase name="Case E: flags stage on the critical path with 0 slack and critical path status" classname="3. Downstream Schedule DAG Impact: 5 Canonical Cases &amp;gt; BhoomiSetu Day 3 Final Hardening &amp;amp; Verification Pass" time="0.000396" file="tests\day3HardeningVerification.test.ts" line="528" assertions="2" />
      </testsuite>
      <testsuite name="4. Root Cause Attribution &amp; Evidence Transparency" file="tests\day3HardeningVerification.test.ts" line="559" tests="2" assertions="8" failures="0" skipped="0" time="0.397" hostname="">
        <testcase name="returns &quot;insufficient_evidence&quot; when case is delayed but no milestone logs exist" classname="4. Root Cause Attribution &amp;amp; Evidence Transparency &amp;gt; BhoomiSetu Day 3 Final Hardening &amp;amp; Verification Pass" time="0.002885" file="tests\day3HardeningVerification.test.ts" line="560" assertions="4" />
        <testcase name="identifies external contextual factor when severe fresh weather telemetry is present" classname="4. Root Cause Attribution &amp;amp; Evidence Transparency &amp;gt; BhoomiSetu Day 3 Final Hardening &amp;amp; Verification Pass" time="0.395771" file="tests\day3HardeningVerification.test.ts" line="592" assertions="4" />
      </testsuite>
      <testsuite name="5. What-If Scenario Simulation Non-Destructive Isolation" file="tests\day3HardeningVerification.test.ts" line="632" tests="1" assertions="5" failures="0" skipped="0" time="0.001" hostname="">
        <testcase name="runs simulation repeatedly without mutating original case or stage dates" classname="5. What-If Scenario Simulation Non-Destructive Isolation &amp;gt; BhoomiSetu Day 3 Final Hardening &amp;amp; Verification Pass" time="0.001901" file="tests\day3HardeningVerification.test.ts" line="633" assertions="5" />
      </testsuite>
    </testsuite>
  </testsuite>
  <testsuite name="tests\day3PredictiveIntelligence.test.ts" file="tests\day3PredictiveIntelligence.test.ts" tests="10" assertions="67" failures="0" skipped="0" time="0" hostname="">
    <testsuite name="Day 3: Predictive Decision Intelligence &amp; Explainability Engine" file="tests\day3PredictiveIntelligence.test.ts" line="27" tests="10" assertions="67" failures="0" skipped="0" time="0" hostname="">
      <testsuite name="1. Policy-Driven Configuration &amp; Defaults" file="tests\day3PredictiveIntelligence.test.ts" line="126" tests="1" assertions="8" failures="0" skipped="0" time="0" hostname="">
        <testcase name="retrieves predictive delay and recommendation policies via policyEngine" classname="1. Policy-Driven Configuration &amp;amp; Defaults &amp;gt; Day 3: Predictive Decision Intelligence &amp;amp; Explainability Engine" time="0.000164" file="tests\day3PredictiveIntelligence.test.ts" line="127" assertions="8" />
      </testsuite>
      <testsuite name="2. Empirical Predictive Delay Forecasting" file="tests\day3PredictiveIntelligence.test.ts" line="142" tests="3" assertions="16" failures="0" skipped="0" time="0.001" hostname="">
        <testcase name="computes empirical velocity from completed milestones and projects completion" classname="2. Empirical Predictive Delay Forecasting &amp;gt; Day 3: Predictive Decision Intelligence &amp;amp; Explainability Engine" time="0.001266" file="tests\day3PredictiveIntelligence.test.ts" line="143" assertions="9" />
        <testcase name="honestly reports limitations and defaults to statutory baseline when 0 milestones are completed" classname="2. Empirical Predictive Delay Forecasting &amp;gt; Day 3: Predictive Decision Intelligence &amp;amp; Explainability Engine" time="0.000391" file="tests\day3PredictiveIntelligence.test.ts" line="221" assertions="4" />
        <testcase name="excludes stale external meteorological observations from delay projection per policy" classname="2. Empirical Predictive Delay Forecasting &amp;gt; Day 3: Predictive Decision Intelligence &amp;amp; Explainability Engine" time="0.00074" file="tests\day3PredictiveIntelligence.test.ts" line="252" assertions="3" />
      </testsuite>
      <testsuite name="3. Root Cause Attribution with 5-Level Classification" file="tests\day3PredictiveIntelligence.test.ts" line="286" tests="2" assertions="10" failures="0" skipped="0" time="0.376" hostname="">
        <testcase name="distinguishes immediate cause, upstream cause, and contributing factors across DAG" classname="3. Root Cause Attribution with 5-Level Classification &amp;gt; Day 3: Predictive Decision Intelligence &amp;amp; Explainability Engine" time="0.376494" file="tests\day3PredictiveIntelligence.test.ts" line="287" assertions="6" />
        <testcase name="returns &quot;insufficient_evidence&quot; when case is delayed but no milestone evidence is logged" classname="3. Root Cause Attribution with 5-Level Classification &amp;gt; Day 3: Predictive Decision Intelligence &amp;amp; Explainability Engine" time="0.000508" file="tests\day3PredictiveIntelligence.test.ts" line="372" assertions="4" />
      </testsuite>
      <testsuite name="4. Downstream Schedule DAG Impact &amp; Critical Path Analysis" file="tests\day3PredictiveIntelligence.test.ts" line="391" tests="1" assertions="5" failures="0" skipped="0" time="0" hostname="">
        <testcase name="distinguishes direct delay from propagated delay and computes schedule slack" classname="4. Downstream Schedule DAG Impact &amp;amp; Critical Path Analysis &amp;gt; Day 3: Predictive Decision Intelligence &amp;amp; Explainability Engine" time="0.000845" file="tests\day3PredictiveIntelligence.test.ts" line="392" assertions="5" />
      </testsuite>
      <testsuite name="5. Advisory Recommendations &amp; Human Governance" file="tests\day3PredictiveIntelligence.test.ts" line="444" tests="1" assertions="15" failures="0" skipped="0" time="0.002" hostname="">
        <testcase name="generates prioritized recommendations with valid UUIDs, policies, and expected benefits" classname="5. Advisory Recommendations &amp;amp; Human Governance &amp;gt; Day 3: Predictive Decision Intelligence &amp;amp; Explainability Engine" time="0.002483" file="tests\day3PredictiveIntelligence.test.ts" line="445" assertions="15" />
      </testsuite>
      <testsuite name="6. What-If Scenario Simulation Sandbox (In-Memory Isolation)" file="tests\day3PredictiveIntelligence.test.ts" line="509" tests="1" assertions="8" failures="0" skipped="0" time="0.001" hostname="">
        <testcase name="supports 6 intervention types and computes timeline recovery without mutating production records" classname="6. What-If Scenario Simulation Sandbox (In-Memory Isolation) &amp;gt; Day 3: Predictive Decision Intelligence &amp;amp; Explainability Engine" time="0.001105" file="tests\day3PredictiveIntelligence.test.ts" line="510" assertions="8" />
      </testsuite>
      <testsuite name="7. Explainable Risk Assessment &amp; Excluded Evidence" file="tests\day3PredictiveIntelligence.test.ts" line="601" tests="1" assertions="5" failures="0" skipped="0" time="0" hostname="">
        <testcase name="documents applied policy keys and logs excluded stale weather with 0 penalty" classname="7. Explainable Risk Assessment &amp;amp; Excluded Evidence &amp;gt; Day 3: Predictive Decision Intelligence &amp;amp; Explainability Engine" time="0.000725" file="tests\day3PredictiveIntelligence.test.ts" line="602" assertions="5" />
      </testsuite>
    </testsuite>
  </testsuite>
  <testsuite name="tests\day4Acceptance.test.ts" file="tests\day4Acceptance.test.ts" tests="23" assertions="124" failures="0" skipped="0" time="0" hostname="">
    <testsuite name="Day 4 Final Acceptance Verification Suite" file="tests\day4Acceptance.test.ts" line="24" tests="23" assertions="124" failures="0" skipped="0" time="0" hostname="">
      <testsuite name="1. Adversarial Authorization &amp; Scope Enforcement" file="tests\day4Acceptance.test.ts" line="28" tests="9" assertions="37" failures="0" skipped="0" time="1.299" hostname="">
        <testcase name="rejects unauthenticated request to /api/portfolio/overview with HTTP 401" classname="1. Adversarial Authorization &amp;amp; Scope Enforcement &amp;gt; Day 4 Final Acceptance Verification Suite" time="0.023392" file="tests\day4Acceptance.test.ts" line="30" assertions="2" />
        <testcase name="rejects unauthenticated request to all other portfolio endpoints with HTTP 401" classname="1. Adversarial Authorization &amp;amp; Scope Enforcement &amp;gt; Day 4 Final Acceptance Verification Suite" time="0.01848" file="tests\day4Acceptance.test.ts" line="37" assertions="14" />
        <testcase name="authorizes admin request with full unrestricted scope" classname="1. Adversarial Authorization &amp;amp; Scope Enforcement &amp;gt; Day 4 Final Acceptance Verification Suite" time="0.326222" file="tests\day4Acceptance.test.ts" line="56" assertions="3" />
        <testcase name="authorizes LAO request with full unrestricted scope" classname="1. Adversarial Authorization &amp;amp; Scope Enforcement &amp;gt; Day 4 Final Acceptance Verification Suite" time="0.310749" file="tests\day4Acceptance.test.ts" line="69" assertions="2" />
        <testcase name="strictly confines Project Officer to their assigned project scope" classname="1. Adversarial Authorization &amp;amp; Scope Enforcement &amp;gt; Day 4 Final Acceptance Verification Suite" time="0.001058" file="tests\day4Acceptance.test.ts" line="82" assertions="5" />
        <testcase name="strictly confines Revenue Inspector to their assigned jurisdiction" classname="1. Adversarial Authorization &amp;amp; Scope Enforcement &amp;gt; Day 4 Final Acceptance Verification Suite" time="0.000547" file="tests\day4Acceptance.test.ts" line="133" assertions="5" />
        <testcase name="confines viewer to assigned scope and blocks wider data access" classname="1. Adversarial Authorization &amp;amp; Scope Enforcement &amp;gt; Day 4 Final Acceptance Verification Suite" time="0.000139" file="tests\day4Acceptance.test.ts" line="183" assertions="2" />
        <testcase name="blocks scope bypass on live server via malicious query parameter tampering" classname="1. Adversarial Authorization &amp;amp; Scope Enforcement &amp;gt; Day 4 Final Acceptance Verification Suite" time="0.315147" file="tests\day4Acceptance.test.ts" line="197" assertions="2" />
        <testcase name="blocks scope bypass on live server via geographic parameter tampering" classname="1. Adversarial Authorization &amp;amp; Scope Enforcement &amp;gt; Day 4 Final Acceptance Verification Suite" time="0.306095" file="tests\day4Acceptance.test.ts" line="212" assertions="2" />
      </testsuite>
      <testsuite name="2. Real API -&gt; Route -&gt; DB -&gt; Analyzer -&gt; Response Verification" file="tests\day4Acceptance.test.ts" line="230" tests="10" assertions="57" failures="0" skipped="0" time="3.042" hostname="">
        <testcase name="verifies GET /api/portfolio/overview returns validated live response" classname="2. Real API -&amp;gt; Route -&amp;gt; DB -&amp;gt; Analyzer -&amp;gt; Response Verification &amp;gt; Day 4 Final Acceptance Verification Suite" time="0.316628" file="tests\day4Acceptance.test.ts" line="236" assertions="8" />
        <testcase name="verifies GET /api/portfolio/delays returns validated live response" classname="2. Real API -&amp;gt; Route -&amp;gt; DB -&amp;gt; Analyzer -&amp;gt; Response Verification &amp;gt; Day 4 Final Acceptance Verification Suite" time="0.303053" file="tests\day4Acceptance.test.ts" line="249" assertions="6" />
        <testcase name="verifies GET /api/portfolio/risk returns validated live response" classname="2. Real API -&amp;gt; Route -&amp;gt; DB -&amp;gt; Analyzer -&amp;gt; Response Verification &amp;gt; Day 4 Final Acceptance Verification Suite" time="0.31199" file="tests\day4Acceptance.test.ts" line="260" assertions="7" />
        <testcase name="verifies GET /api/portfolio/bottlenecks returns validated live response" classname="2. Real API -&amp;gt; Route -&amp;gt; DB -&amp;gt; Analyzer -&amp;gt; Response Verification &amp;gt; Day 4 Final Acceptance Verification Suite" time="0.292981" file="tests\day4Acceptance.test.ts" line="273" assertions="3" />
        <testcase name="verifies GET /api/portfolio/trends returns validated live response" classname="2. Real API -&amp;gt; Route -&amp;gt; DB -&amp;gt; Analyzer -&amp;gt; Response Verification &amp;gt; Day 4 Final Acceptance Verification Suite" time="0.310322" file="tests\day4Acceptance.test.ts" line="281" assertions="7" />
        <testcase name="verifies GET /api/portfolio/geography returns validated live response" classname="2. Real API -&amp;gt; Route -&amp;gt; DB -&amp;gt; Analyzer -&amp;gt; Response Verification &amp;gt; Day 4 Final Acceptance Verification Suite" time="0.308335" file="tests\day4Acceptance.test.ts" line="293" assertions="6" />
        <testcase name="verifies GET /api/portfolio/outcomes returns validated live response" classname="2. Real API -&amp;gt; Route -&amp;gt; DB -&amp;gt; Analyzer -&amp;gt; Response Verification &amp;gt; Day 4 Final Acceptance Verification Suite" time="0.2882" file="tests\day4Acceptance.test.ts" line="304" assertions="8" />
        <testcase name="verifies GET /api/portfolio/attention-queue returns validated live response" classname="2. Real API -&amp;gt; Route -&amp;gt; DB -&amp;gt; Analyzer -&amp;gt; Response Verification &amp;gt; Day 4 Final Acceptance Verification Suite" time="0.339939" file="tests\day4Acceptance.test.ts" line="317" assertions="4" />
        <testcase name="verifies legacy /api/analytics/portfolio alias works identically" classname="2. Real API -&amp;gt; Route -&amp;gt; DB -&amp;gt; Analyzer -&amp;gt; Response Verification &amp;gt; Day 4 Final Acceptance Verification Suite" time="0.290361" file="tests\day4Acceptance.test.ts" line="327" assertions="5" />
        <testcase name="verifies legacy /api/analytics/dashboard alias works identically" classname="2. Real API -&amp;gt; Route -&amp;gt; DB -&amp;gt; Analyzer -&amp;gt; Response Verification &amp;gt; Day 4 Final Acceptance Verification Suite" time="0.285007" file="tests\day4Acceptance.test.ts" line="337" assertions="3" />
      </testsuite>
      <testsuite name="3. Sparse-Data Honesty &amp; Sample Size Limitations" file="tests\day4Acceptance.test.ts" line="349" tests="2" assertions="20" failures="0" skipped="0" time="0.002" hostname="">
        <testcase name="returns honest empty state for 0 cases with zero fabricated numbers" classname="3. Sparse-Data Honesty &amp;amp; Sample Size Limitations &amp;gt; Day 4 Final Acceptance Verification Suite" time="0.000486" file="tests\day4Acceptance.test.ts" line="350" assertions="14" />
        <testcase name="flags sample size limitations when cases are 1 or 2 (prevents unjustified national claims)" classname="3. Sparse-Data Honesty &amp;amp; Sample Size Limitations &amp;gt; Day 4 Final Acceptance Verification Suite" time="0.002289" file="tests\day4Acceptance.test.ts" line="382" assertions="6" />
      </testsuite>
      <testsuite name="4. Policy Runtime Loading &amp; Controlled In-Flight Mutation" file="tests\day4Acceptance.test.ts" line="449" tests="2" assertions="10" failures="0" skipped="0" time="2.335" hostname="">
        <testcase name="verifies portfolio_trend_policy is loaded at runtime and responds to dynamic updates without code modification" classname="4. Policy Runtime Loading &amp;amp; Controlled In-Flight Mutation &amp;gt; Day 4 Final Acceptance Verification Suite" time="1.155576" file="tests\day4Acceptance.test.ts" line="450" assertions="6" />
        <testcase name="verifies portfolio_attention_policy is loaded at runtime and can dynamically alter attention queue triggers" classname="4. Policy Runtime Loading &amp;amp; Controlled In-Flight Mutation &amp;gt; Day 4 Final Acceptance Verification Suite" time="1.180581" file="tests\day4Acceptance.test.ts" line="503" assertions="4" />
      </testsuite>
    </testsuite>
  </testsuite>
  <testsuite name="tests\day4PortfolioIntelligence.test.ts" file="tests\day4PortfolioIntelligence.test.ts" tests="11" assertions="85" failures="0" skipped="0" time="0" hostname="">
    <testsuite name="Day 4: Portfolio &amp; National Decision Intelligence Layer" file="tests\day4PortfolioIntelligence.test.ts" line="18" tests="11" assertions="85" failures="0" skipped="0" time="0.005" hostname="">
      <testcase name="aggregates portfolio overview with lifecycle states, risks, and transparent metadata" classname="Day 4: Portfolio &amp;amp; National Decision Intelligence Layer" time="0.001575" file="tests\day4PortfolioIntelligence.test.ts" line="208" assertions="13" />
      <testcase name="calculates mathematical median deviation exactly for odd and even sample sizes" classname="Day 4: Portfolio &amp;amp; National Decision Intelligence Layer" time="0.001105" file="tests\day4PortfolioIntelligence.test.ts" line="241" assertions="8" />
      <testcase name="computes portfolio risk distribution, admin concentration, and stage categories" classname="Day 4: Portfolio &amp;amp; National Decision Intelligence Layer" time="0.000543" file="tests\day4PortfolioIntelligence.test.ts" line="284" assertions="11" />
      <testcase name="detects systemic bottlenecks and provides recurring root cause frequencies with sample size caveat" classname="Day 4: Portfolio &amp;amp; National Decision Intelligence Layer" time="0.001945" file="tests\day4PortfolioIntelligence.test.ts" line="320" assertions="6" />
      <testcase name="returns direction &quot;insufficient_history&quot; when span is less than 14 days or &lt; 3 cases" classname="Day 4: Portfolio &amp;amp; National Decision Intelligence Layer" time="0.000282" file="tests\day4PortfolioIntelligence.test.ts" line="346" assertions="3" />
      <testcase name="evaluates period-over-period direction when observation window is &gt;= 14 days and &gt;= 3 cases" classname="Day 4: Portfolio &amp;amp; National Decision Intelligence Layer" time="0.000613" file="tests\day4PortfolioIntelligence.test.ts" line="372" assertions="5" />
      <testcase name="strictly separates simulated hypothesis from proposed, accepted, and observed outcomes" classname="Day 4: Portfolio &amp;amp; National Decision Intelligence Layer" time="0.000364" file="tests\day4PortfolioIntelligence.test.ts" line="398" assertions="8" />
      <testcase name="builds dynamic tree and flags &quot;administrative_enrichment_unavailable&quot; when units count is 0" classname="Day 4: Portfolio &amp;amp; National Decision Intelligence Layer" time="0.001765" file="tests\day4PortfolioIntelligence.test.ts" line="447" assertions="17" />
      <testcase name="enforces role-based operational scoping for Admin, LAO, and Project Officer" classname="Day 4: Portfolio &amp;amp; National Decision Intelligence Layer" time="0.000539" file="tests\day4PortfolioIntelligence.test.ts" line="501" assertions="10" />
      <testcase name="functions entirely dynamically with arbitrary foreign coordinates and unknown regions" classname="Day 4: Portfolio &amp;amp; National Decision Intelligence Layer" time="0.000582" file="tests\day4PortfolioIntelligence.test.ts" line="553" assertions="3" />
      <testcase name="does not mutate original case records or stage dates during portfolio calculations" classname="Day 4: Portfolio &amp;amp; National Decision Intelligence Layer" time="0.001789" file="tests\day4PortfolioIntelligence.test.ts" line="584" assertions="1" />
    </testsuite>
  </testsuite>
  <testsuite name="tests\day5PolicyNotifications.test.ts" file="tests\day5PolicyNotifications.test.ts" tests="23" assertions="100" failures="0" skipped="0" time="0" hostname="">
    <testsuite name="Day 5: Policy, Notifications &amp; Operational Governance Suite" file="tests\day5PolicyNotifications.test.ts" line="44" tests="23" assertions="100" failures="0" skipped="0" time="0" hostname="">
      <testsuite name="1. Policy Framework &amp; Dynamic Thresholds" file="tests\day5PolicyNotifications.test.ts" line="73" tests="3" assertions="17" failures="0" skipped="0" time="0.571" hostname="">
        <testcase name="retrieves default Day 5 institutional policies with zero hardcoded buried constants" classname="1. Policy Framework &amp;amp; Dynamic Thresholds &amp;gt; Day 5: Policy, Notifications &amp;amp; Operational Governance Suite" time="0.00044" file="tests\day5PolicyNotifications.test.ts" line="74" assertions="11" />
        <testcase name="dynamically updates policy in-flight and logs audit event" classname="1. Policy Framework &amp;amp; Dynamic Thresholds &amp;gt; Day 5: Policy, Notifications &amp;amp; Operational Governance Suite" time="0.571532" file="tests\day5PolicyNotifications.test.ts" line="93" assertions="5" />
        <testcase name="cleanly resets policies to defaults for test isolation" classname="1. Policy Framework &amp;amp; Dynamic Thresholds &amp;gt; Day 5: Policy, Notifications &amp;amp; Operational Governance Suite" time="0.000177" file="tests\day5PolicyNotifications.test.ts" line="119" assertions="1" />
      </testsuite>
      <testsuite name="2. Deterministic Trigger Engine (Zero Fabricated Alerts)" file="tests\day5PolicyNotifications.test.ts" line="129" tests="5" assertions="23" failures="0" skipped="0" time="5.56" hostname="">
        <testcase name="triggers critical_risk notification ONLY when authentic risk assessment &gt;= critical threshold" classname="2. Deterministic Trigger Engine (Zero Fabricated Alerts) &amp;gt; Day 5: Policy, Notifications &amp;amp; Operational Governance Suite" time="1.191157" file="tests\day5PolicyNotifications.test.ts" line="130" assertions="7" />
        <testcase name="triggers predicted_delay alert ONLY when empirical completed milestones &gt;= 1" classname="2. Deterministic Trigger Engine (Zero Fabricated Alerts) &amp;gt; Day 5: Policy, Notifications &amp;amp; Operational Governance Suite" time="1.176138" file="tests\day5PolicyNotifications.test.ts" line="178" assertions="5" />
        <testcase name="triggers active_bottleneck alert when stage overdue exceeds policy threshold" classname="2. Deterministic Trigger Engine (Zero Fabricated Alerts) &amp;gt; Day 5: Policy, Notifications &amp;amp; Operational Governance Suite" time="0.879219" file="tests\day5PolicyNotifications.test.ts" line="221" assertions="4" />
        <testcase name="triggers stale_external_data alert ONLY when actual observation exceeds freshness SLA" classname="2. Deterministic Trigger Engine (Zero Fabricated Alerts) &amp;gt; Day 5: Policy, Notifications &amp;amp; Operational Governance Suite" time="1.436055" file="tests\day5PolicyNotifications.test.ts" line="264" assertions="4" />
        <testcase name="triggers data_discrepancy alert when unresolved spatial/attribute variance exists" classname="2. Deterministic Trigger Engine (Zero Fabricated Alerts) &amp;gt; Day 5: Policy, Notifications &amp;amp; Operational Governance Suite" time="0.878016" file="tests\day5PolicyNotifications.test.ts" line="313" assertions="3" />
      </testsuite>
      <testsuite name="3. Deduplication Engine (Unresolved vs. Legitimate Recurring)" file="tests\day5PolicyNotifications.test.ts" line="349" tests="3" assertions="16" failures="0" skipped="0" time="6.661" hostname="">
        <testcase name="deduplicates identical active triggers without creating duplicate records" classname="3. Deduplication Engine (Unresolved vs. Legitimate Recurring) &amp;gt; Day 5: Policy, Notifications &amp;amp; Operational Governance Suite" time="1.466438" file="tests\day5PolicyNotifications.test.ts" line="350" assertions="4" />
        <testcase name="upgrades existing active notification in-place when condition worsens" classname="3. Deduplication Engine (Unresolved vs. Legitimate Recurring) &amp;gt; Day 5: Policy, Notifications &amp;amp; Operational Governance Suite" time="1.749757" file="tests\day5PolicyNotifications.test.ts" line="388" assertions="6" />
        <testcase name="generates a fresh notification when a condition recurs AFTER previous was resolved" classname="3. Deduplication Engine (Unresolved vs. Legitimate Recurring) &amp;gt; Day 5: Policy, Notifications &amp;amp; Operational Governance Suite" time="3.446157" file="tests\day5PolicyNotifications.test.ts" line="433" assertions="6" />
      </testsuite>
      <testsuite name="4. Explicit State Machine &amp; Lifecycle Transitions" file="tests\day5PolicyNotifications.test.ts" line="491" tests="3" assertions="17" failures="0" skipped="0" time="3.489" hostname="">
        <testcase name="executes valid transitions: unread -&gt; acknowledged -&gt; resolved" classname="4. Explicit State Machine &amp;amp; Lifecycle Transitions &amp;gt; Day 5: Policy, Notifications &amp;amp; Operational Governance Suite" time="2.033484" file="tests\day5PolicyNotifications.test.ts" line="492" assertions="8" />
        <testcase name="executes valid dismissal with mandatory justification notes" classname="4. Explicit State Machine &amp;amp; Lifecycle Transitions &amp;gt; Day 5: Policy, Notifications &amp;amp; Operational Governance Suite" time="1.456524" file="tests\day5PolicyNotifications.test.ts" line="531" assertions="3" />
        <testcase name="strictly forbids invalid state transitions (terminal state protection)" classname="4. Explicit State Machine &amp;amp; Lifecycle Transitions &amp;gt; Day 5: Policy, Notifications &amp;amp; Operational Governance Suite" time="0.00064" file="tests\day5PolicyNotifications.test.ts" line="556" assertions="6" />
      </testsuite>
      <testsuite name="5. Multi-Tier Escalation &amp; Institutional Auditability" file="tests\day5PolicyNotifications.test.ts" line="574" tests="1" assertions="10" failures="0" skipped="0" time="1.48" hostname="">
        <testcase name="escalates alert severity, reassigns to supervisory role, and records audit trail" classname="5. Multi-Tier Escalation &amp;amp; Institutional Auditability &amp;gt; Day 5: Policy, Notifications &amp;amp; Operational Governance Suite" time="1.480469" file="tests\day5PolicyNotifications.test.ts" line="575" assertions="10" />
      </testsuite>
      <testsuite name="6. Role &amp; Jurisdiction Authorization (Adversarial Security)" file="tests\day5PolicyNotifications.test.ts" line="624" tests="4" assertions="8" failures="0" skipped="0" time="8.432" hostname="">
        <testcase name="authorizes admin and LAO with full unrestricted national portfolio scope" classname="6. Role &amp;amp; Jurisdiction Authorization (Adversarial Security) &amp;gt; Day 5: Policy, Notifications &amp;amp; Operational Governance Suite" time="2.327184" file="tests\day5PolicyNotifications.test.ts" line="661" assertions="2" />
        <testcase name="strictly confines Project Officer to their assigned project boundary" classname="6. Role &amp;amp; Jurisdiction Authorization (Adversarial Security) &amp;gt; Day 5: Policy, Notifications &amp;amp; Operational Governance Suite" time="2.104651" file="tests\day5PolicyNotifications.test.ts" line="672" assertions="3" />
        <testcase name="strictly confines Revenue Inspector to their assigned jurisdiction boundary" classname="6. Role &amp;amp; Jurisdiction Authorization (Adversarial Security) &amp;gt; Day 5: Policy, Notifications &amp;amp; Operational Governance Suite" time="2.000841" file="tests\day5PolicyNotifications.test.ts" line="686" assertions="2" />
        <testcase name="confines Viewer role to empty/public records and blocks internal alerts" classname="6. Role &amp;amp; Jurisdiction Authorization (Adversarial Security) &amp;gt; Day 5: Policy, Notifications &amp;amp; Operational Governance Suite" time="2.001453" file="tests\day5PolicyNotifications.test.ts" line="699" assertions="1" />
      </testsuite>
      <testsuite name="7. Live HTTP API Endpoints &amp; Scope Enforcement" file="tests\day5PolicyNotifications.test.ts" line="715" tests="4" assertions="9" failures="0" skipped="0" time="0.6" hostname="">
        <testcase name="rejects unauthenticated request to /api/notifications with HTTP 401" classname="7. Live HTTP API Endpoints &amp;amp; Scope Enforcement &amp;gt; Day 5: Policy, Notifications &amp;amp; Operational Governance Suite" time="0.002129" file="tests\day5PolicyNotifications.test.ts" line="716" assertions="2" />
        <testcase name="rejects unauthenticated request to /api/notifications/count with HTTP 401" classname="7. Live HTTP API Endpoints &amp;amp; Scope Enforcement &amp;gt; Day 5: Policy, Notifications &amp;amp; Operational Governance Suite" time="0.001328" file="tests\day5PolicyNotifications.test.ts" line="723" assertions="1" />
        <testcase name="authorizes authenticated request with evaluation headers" classname="7. Live HTTP API Endpoints &amp;amp; Scope Enforcement &amp;gt; Day 5: Policy, Notifications &amp;amp; Operational Governance Suite" time="0.293608" file="tests\day5PolicyNotifications.test.ts" line="728" assertions="4" />
        <testcase name="blocks scope bypass via malicious query parameter tampering on live server" classname="7. Live HTTP API Endpoints &amp;amp; Scope Enforcement &amp;gt; Day 5: Policy, Notifications &amp;amp; Operational Governance Suite" time="0.304656" file="tests\day5PolicyNotifications.test.ts" line="742" assertions="2" />
      </testsuite>
    </testsuite>
  </testsuite>
  <testsuite name="tests\day6FinalAcceptance.test.ts" file="tests\day6FinalAcceptance.test.ts" tests="20" assertions="56" failures="0" skipped="0" time="0" hostname="">
    <testsuite name="Day 6: GIS &amp; Spatial Intelligence Final Acceptance Verification" file="tests\day6FinalAcceptance.test.ts" line="39" tests="20" assertions="56" failures="0" skipped="0" time="0" hostname="">
      <testsuite name="1. Geospatial Accuracy &amp; Precision Verification" file="tests\day6FinalAcceptance.test.ts" line="108" tests="4" assertions="8" failures="0" skipped="0" time="0" hostname="">
        <testcase name="accurately computes Haversine distance with exact arithmetic (meter calculation precision)" classname="1. Geospatial Accuracy &amp;amp; Precision Verification &amp;gt; Day 6: GIS &amp;amp; Spatial Intelligence Final Acceptance Verification" time="0.000461" file="tests\day6FinalAcceptance.test.ts" line="109" assertions="3" />
        <testcase name="computes area-weighted polygon centroid using Green’s Theorem" classname="1. Geospatial Accuracy &amp;amp; Precision Verification &amp;gt; Day 6: GIS &amp;amp; Spatial Intelligence Final Acceptance Verification" time="0.000863" file="tests\day6FinalAcceptance.test.ts" line="118" assertions="1" />
        <testcase name="calculates statutory 4-tuple bounding box [minLng, minLat, maxLng, maxLat]" classname="1. Geospatial Accuracy &amp;amp; Precision Verification &amp;gt; Day 6: GIS &amp;amp; Spatial Intelligence Final Acceptance Verification" time="0.000603" file="tests\day6FinalAcceptance.test.ts" line="136" assertions="1" />
        <testcase name="executes point-in-polygon containment test via ray-casting" classname="1. Geospatial Accuracy &amp;amp; Precision Verification &amp;gt; Day 6: GIS &amp;amp; Spatial Intelligence Final Acceptance Verification" time="0.000239" file="tests\day6FinalAcceptance.test.ts" line="153" assertions="3" />
      </testsuite>
      <testsuite name="2. MultiPolygon Behavior &amp; Area-Weighted Centroid" file="tests\day6FinalAcceptance.test.ts" line="170" tests="2" assertions="9" failures="0" skipped="0" time="0" hostname="">
        <testcase name="calculates true area-weighted centroid for MultiPolygon with unequal constituent areas" classname="2. MultiPolygon Behavior &amp;amp; Area-Weighted Centroid &amp;gt; Day 6: GIS &amp;amp; Spatial Intelligence Final Acceptance Verification" time="0.000165" file="tests\day6FinalAcceptance.test.ts" line="171" assertions="3" />
        <testcase name="evaluates Point-in-Geometry containment across MultiPolygon and Polygon with holes" classname="2. MultiPolygon Behavior &amp;amp; Area-Weighted Centroid &amp;gt; Day 6: GIS &amp;amp; Spatial Intelligence Final Acceptance Verification" time="0.000445" file="tests\day6FinalAcceptance.test.ts" line="206" assertions="6" />
      </testsuite>
      <testsuite name="3. LGD / Administrative Data Reality Verification" file="tests\day6FinalAcceptance.test.ts" line="271" tests="3" assertions="6" failures="0" skipped="0" time="1.436" hostname="">
        <testcase name="truthfully reports administrative_enrichment_unavailable when LGD source is not configured" classname="3. LGD / Administrative Data Reality Verification &amp;gt; Day 6: GIS &amp;amp; Spatial Intelligence Final Acceptance Verification" time="0.000473" file="tests\day6FinalAcceptance.test.ts" line="272" assertions="1" />
        <testcase name="communicates administrative_enrichment_unavailable in case spatial context" classname="3. LGD / Administrative Data Reality Verification &amp;gt; Day 6: GIS &amp;amp; Spatial Intelligence Final Acceptance Verification" time="0.869086" file="tests\day6FinalAcceptance.test.ts" line="277" assertions="2" />
        <testcase name="marks LGD layer status as unavailable in overview when authoritative data is not operational" classname="3. LGD / Administrative Data Reality Verification &amp;gt; Day 6: GIS &amp;amp; Spatial Intelligence Final Acceptance Verification" time="0.567847" file="tests\day6FinalAcceptance.test.ts" line="286" assertions="3" />
      </testsuite>
      <testsuite name="4. Honest Geometry States Verification" file="tests\day6FinalAcceptance.test.ts" line="299" tests="4" assertions="10" failures="0" skipped="0" time="0" hostname="">
        <testcase name="returns &quot;mapped&quot; when valid boundary and all parcels are demarcated" classname="4. Honest Geometry States Verification &amp;gt; Day 6: GIS &amp;amp; Spatial Intelligence Final Acceptance Verification" time="0.000399" file="tests\day6FinalAcceptance.test.ts" line="300" assertions="2" />
        <testcase name="returns &quot;partially_mapped&quot; when boundary is absent but some parcels have geometry" classname="4. Honest Geometry States Verification &amp;gt; Day 6: GIS &amp;amp; Spatial Intelligence Final Acceptance Verification" time="0.000273" file="tests\day6FinalAcceptance.test.ts" line="336" assertions="3" />
        <testcase name="returns &quot;unmapped&quot; when neither boundary nor parcel geometries exist" classname="4. Honest Geometry States Verification &amp;gt; Day 6: GIS &amp;amp; Spatial Intelligence Final Acceptance Verification" time="0.000198" file="tests\day6FinalAcceptance.test.ts" line="372" assertions="3" />
        <testcase name="returns &quot;invalid_geometry&quot; when boundary geometry violates GeoJSON rules" classname="4. Honest Geometry States Verification &amp;gt; Day 6: GIS &amp;amp; Spatial Intelligence Final Acceptance Verification" time="0.00016" file="tests\day6FinalAcceptance.test.ts" line="379" assertions="2" />
      </testsuite>
      <testsuite name="5. Spatial Policy Runtime Mutation" file="tests\day6FinalAcceptance.test.ts" line="399" tests="2" assertions="8" failures="0" skipped="0" time="1.777" hostname="">
        <testcase name="dynamically adapts proximity queries when policy thresholds are modified in-flight" classname="5. Spatial Policy Runtime Mutation &amp;gt; Day 6: GIS &amp;amp; Spatial Intelligence Final Acceptance Verification" time="1.776475" file="tests\day6FinalAcceptance.test.ts" line="400" assertions="4" />
        <testcase name="adapts spatial clustering dynamically when cluster distance or sample threshold changes" classname="5. Spatial Policy Runtime Mutation &amp;gt; Day 6: GIS &amp;amp; Spatial Intelligence Final Acceptance Verification" time="0.001374" file="tests\day6FinalAcceptance.test.ts" line="443" assertions="4" />
      </testsuite>
      <testsuite name="6. Adversarial Authorization &amp; Scope Enforcement" file="tests\day6FinalAcceptance.test.ts" line="464" tests="4" assertions="13" failures="0" skipped="0" time="0.596" hostname="">
        <testcase name="strictly returns HTTP 401 on unauthenticated requests to GIS endpoints" classname="6. Adversarial Authorization &amp;amp; Scope Enforcement &amp;gt; Day 6: GIS &amp;amp; Spatial Intelligence Final Acceptance Verification" time="0.011936" file="tests\day6FinalAcceptance.test.ts" line="465" assertions="7" />
        <testcase name="strictly confines Project Officer to assigned project and blocks parameter tampering" classname="6. Adversarial Authorization &amp;amp; Scope Enforcement &amp;gt; Day 6: GIS &amp;amp; Spatial Intelligence Final Acceptance Verification" time="0.289146" file="tests\day6FinalAcceptance.test.ts" line="482" assertions="2" />
        <testcase name="strictly confines Revenue Inspector to assigned state and blocks jurisdiction tampering" classname="6. Adversarial Authorization &amp;amp; Scope Enforcement &amp;gt; Day 6: GIS &amp;amp; Spatial Intelligence Final Acceptance Verification" time="0.291041" file="tests\day6FinalAcceptance.test.ts" line="500" assertions="2" />
        <testcase name="blocks internal cadastral landowner parcels from Viewer role" classname="6. Adversarial Authorization &amp;amp; Scope Enforcement &amp;gt; Day 6: GIS &amp;amp; Spatial Intelligence Final Acceptance Verification" time="0.005186" file="tests\day6FinalAcceptance.test.ts" line="516" assertions="2" />
      </testsuite>
      <testsuite name="7. Performance &amp; Spatial Query Filtering" file="tests\day6FinalAcceptance.test.ts" line="532" tests="1" assertions="2" failures="0" skipped="0" time="0.282" hostname="">
        <testcase name="executes server-side bounding box filtering on /api/gis/cases" classname="7. Performance &amp;amp; Spatial Query Filtering &amp;gt; Day 6: GIS &amp;amp; Spatial Intelligence Final Acceptance Verification" time="0.28205" file="tests\day6FinalAcceptance.test.ts" line="533" assertions="2" />
      </testsuite>
    </testsuite>
  </testsuite>
  <testsuite name="tests\day6GISSpatialIntelligence.test.ts" file="tests\day6GISSpatialIntelligence.test.ts" tests="24" assertions="101" failures="0" skipped="0" time="0" hostname="">
    <testsuite name="Day 6: GIS &amp; Spatial Intelligence Layer Test Suite" file="tests\day6GISSpatialIntelligence.test.ts" line="37" tests="24" assertions="101" failures="0" skipped="0" time="0" hostname="">
      <testsuite name="1. Dynamic Spatial Policy Framework" file="tests\day6GISSpatialIntelligence.test.ts" line="136" tests="2" assertions="13" failures="0" skipped="0" time="0.566" hostname="">
        <testcase name="loads canonical Day 6 spatial policy with zero hardcoded buried constants" classname="1. Dynamic Spatial Policy Framework &amp;gt; Day 6: GIS &amp;amp; Spatial Intelligence Layer Test Suite" time="0.0002" file="tests\day6GISSpatialIntelligence.test.ts" line="137" assertions="8" />
        <testcase name="dynamically updates spatial policy thresholds at runtime with audit logging" classname="1. Dynamic Spatial Policy Framework &amp;gt; Day 6: GIS &amp;amp; Spatial Intelligence Layer Test Suite" time="0.56645" file="tests\day6GISSpatialIntelligence.test.ts" line="149" assertions="5" />
      </testsuite>
      <testsuite name="2. Geodetic Mathematics &amp; Geometry Engine" file="tests\day6GISSpatialIntelligence.test.ts" line="180" tests="5" assertions="21" failures="0" skipped="0" time="0" hostname="">
        <testcase name="computes accurate Haversine great-circle distance at meter precision" classname="2. Geodetic Mathematics &amp;amp; Geometry Engine &amp;gt; Day 6: GIS &amp;amp; Spatial Intelligence Layer Test Suite" time="0.000378" file="tests\day6GISSpatialIntelligence.test.ts" line="181" assertions="5" />
        <testcase name="computes area-weighted polygon centroid using Green’s theorem" classname="2. Geodetic Mathematics &amp;amp; Geometry Engine &amp;gt; Day 6: GIS &amp;amp; Spatial Intelligence Layer Test Suite" time="0.000243" file="tests\day6GISSpatialIntelligence.test.ts" line="196" assertions="6" />
        <testcase name="correctly resolves centroids for Point, LineString, and MultiPolygon geometries" classname="2. Geodetic Mathematics &amp;amp; Geometry Engine &amp;gt; Day 6: GIS &amp;amp; Spatial Intelligence Layer Test Suite" time="0.000276" file="tests\day6GISSpatialIntelligence.test.ts" line="233" assertions="5" />
        <testcase name="calculates statutory 4-tuple bounding box [minLng, minLat, maxLng, maxLat]" classname="2. Geodetic Mathematics &amp;amp; Geometry Engine &amp;gt; Day 6: GIS &amp;amp; Spatial Intelligence Layer Test Suite" time="0.000229" file="tests\day6GISSpatialIntelligence.test.ts" line="279" assertions="1" />
        <testcase name="executes ray-casting Point-in-Polygon containment test" classname="2. Geodetic Mathematics &amp;amp; Geometry Engine &amp;gt; Day 6: GIS &amp;amp; Spatial Intelligence Layer Test Suite" time="0.00016" file="tests\day6GISSpatialIntelligence.test.ts" line="296" assertions="4" />
      </testsuite>
      <testsuite name="3. Geometry Status &amp; Cadastral Completeness Evaluation" file="tests\day6GISSpatialIntelligence.test.ts" line="318" tests="4" assertions="11" failures="0" skipped="0" time="0" hostname="">
        <testcase name="returns honest unmapped status when geometry is missing" classname="3. Geometry Status &amp;amp; Cadastral Completeness Evaluation &amp;gt; Day 6: GIS &amp;amp; Spatial Intelligence Layer Test Suite" time="0.000146" file="tests\day6GISSpatialIntelligence.test.ts" line="319" assertions="3" />
        <testcase name="returns partially_mapped when boundary is absent but cadastral parcels exist" classname="3. Geometry Status &amp;amp; Cadastral Completeness Evaluation &amp;gt; Day 6: GIS &amp;amp; Spatial Intelligence Layer Test Suite" time="0.00036" file="tests\day6GISSpatialIntelligence.test.ts" line="326" assertions="3" />
        <testcase name="detects invalid or unclosed geometries honestly" classname="3. Geometry Status &amp;amp; Cadastral Completeness Evaluation &amp;gt; Day 6: GIS &amp;amp; Spatial Intelligence Layer Test Suite" time="0.000167" file="tests\day6GISSpatialIntelligence.test.ts" line="334" assertions="2" />
        <testcase name="awards high data quality score when boundary and all parcels are demarcated" classname="3. Geometry Status &amp;amp; Cadastral Completeness Evaluation &amp;gt; Day 6: GIS &amp;amp; Spatial Intelligence Layer Test Suite" time="0.000429" file="tests\day6GISSpatialIntelligence.test.ts" line="350" assertions="3" />
      </testsuite>
      <testsuite name="4. Spatial Proximity &amp; Clustering Intelligence" file="tests\day6GISSpatialIntelligence.test.ts" line="363" tests="3" assertions="20" failures="0" skipped="0" time="2.06" hostname="">
        <testcase name="finds nearby entities within search radius and clamps to policy maximum" classname="4. Spatial Proximity &amp;amp; Clustering Intelligence &amp;gt; Day 6: GIS &amp;amp; Spatial Intelligence Layer Test Suite" time="1.165057" file="tests\day6GISSpatialIntelligence.test.ts" line="364" assertions="5" />
        <testcase name="detects spatial friction clusters and reports methodology and sample size notes" classname="4. Spatial Proximity &amp;amp; Clustering Intelligence &amp;gt; Day 6: GIS &amp;amp; Spatial Intelligence Layer Test Suite" time="0.000575" file="tests\day6GISSpatialIntelligence.test.ts" line="398" assertions="6" />
        <testcase name="resolves complete spatial context including provenance and honest LGD status" classname="4. Spatial Proximity &amp;amp; Clustering Intelligence &amp;gt; Day 6: GIS &amp;amp; Spatial Intelligence Layer Test Suite" time="0.895709" file="tests\day6GISSpatialIntelligence.test.ts" line="422" assertions="9" />
      </testsuite>
      <testsuite name="5. RBAC &amp; Territorial Scoping" file="tests\day6GISSpatialIntelligence.test.ts" line="449" tests="3" assertions="8" failures="0" skipped="0" time="1.162" hostname="">
        <testcase name="authorizes admin and LAO with full unrestricted national portfolio scope" classname="5. RBAC &amp;amp; Territorial Scoping &amp;gt; Day 6: GIS &amp;amp; Spatial Intelligence Layer Test Suite" time="0.56841" file="tests\day6GISSpatialIntelligence.test.ts" line="450" assertions="2" />
        <testcase name="strictly confines Project Officer to their assigned project boundary" classname="5. RBAC &amp;amp; Territorial Scoping &amp;gt; Day 6: GIS &amp;amp; Spatial Intelligence Layer Test Suite" time="0.304478" file="tests\day6GISSpatialIntelligence.test.ts" line="466" assertions="3" />
        <testcase name="strictly confines Revenue Inspector to their assigned jurisdiction boundary" classname="5. RBAC &amp;amp; Territorial Scoping &amp;gt; Day 6: GIS &amp;amp; Spatial Intelligence Layer Test Suite" time="0.290002" file="tests\day6GISSpatialIntelligence.test.ts" line="485" assertions="3" />
      </testsuite>
      <testsuite name="6. GeoJSON FeatureCollection Generation" file="tests\day6GISSpatialIntelligence.test.ts" line="508" tests="1" assertions="11" failures="0" skipped="0" time="0" hostname="">
        <testcase name="generates standard GeoJSON FeatureCollections for cases, projects, and parcels" classname="6. GeoJSON FeatureCollection Generation &amp;gt; Day 6: GIS &amp;amp; Spatial Intelligence Layer Test Suite" time="0.000966" file="tests\day6GISSpatialIntelligence.test.ts" line="509" assertions="11" />
      </testsuite>
      <testsuite name="7. Live HTTP API Endpoints &amp; Scope Enforcement" file="tests\day6GISSpatialIntelligence.test.ts" line="536" tests="6" assertions="17" failures="0" skipped="0" time="2.067" hostname="">
        <testcase name="rejects unauthenticated request to /api/gis/overview with HTTP 401" classname="7. Live HTTP API Endpoints &amp;amp; Scope Enforcement &amp;gt; Day 6: GIS &amp;amp; Spatial Intelligence Layer Test Suite" time="0.002238" file="tests\day6GISSpatialIntelligence.test.ts" line="537" assertions="2" />
        <testcase name="authorizes authenticated request to /api/gis/overview and returns valid overview structure" classname="7. Live HTTP API Endpoints &amp;amp; Scope Enforcement &amp;gt; Day 6: GIS &amp;amp; Spatial Intelligence Layer Test Suite" time="0.585231" file="tests\day6GISSpatialIntelligence.test.ts" line="544" assertions="5" />
        <testcase name="serves GeoJSON FeatureCollection on /api/gis/cases" classname="7. Live HTTP API Endpoints &amp;amp; Scope Enforcement &amp;gt; Day 6: GIS &amp;amp; Spatial Intelligence Layer Test Suite" time="0.294067" file="tests\day6GISSpatialIntelligence.test.ts" line="559" assertions="3" />
        <testcase name="serves spatial layers metadata on /api/gis/layers" classname="7. Live HTTP API Endpoints &amp;amp; Scope Enforcement &amp;gt; Day 6: GIS &amp;amp; Spatial Intelligence Layer Test Suite" time="0.590076" file="tests\day6GISSpatialIntelligence.test.ts" line="572" assertions="3" />
        <testcase name="blocks scope bypass via malicious query parameter tampering on live server" classname="7. Live HTTP API Endpoints &amp;amp; Scope Enforcement &amp;gt; Day 6: GIS &amp;amp; Spatial Intelligence Layer Test Suite" time="0.308305" file="tests\day6GISSpatialIntelligence.test.ts" line="585" assertions="2" />
        <testcase name="preserves existing legacy routes (/cases/:id/gis, /cases/:id/parcels)" classname="7. Live HTTP API Endpoints &amp;amp; Scope Enforcement &amp;gt; Day 6: GIS &amp;amp; Spatial Intelligence Layer Test Suite" time="0.288042" file="tests\day6GISSpatialIntelligence.test.ts" line="603" assertions="2" />
      </testsuite>
    </testsuite>
  </testsuite>
  <testsuite name="tests\day7FinalHardening.test.ts" file="tests\day7FinalHardening.test.ts" tests="8" assertions="32" failures="0" skipped="0" time="0" hostname="">
    <testsuite name="Day 7 Final Verification &amp; Hardening Pass" file="tests\day7FinalHardening.test.ts" line="58" tests="8" assertions="32" failures="0" skipped="0" time="0" hostname="">
      <testsuite name="1. Server-Side required_role Guard &amp; Scope Scrutiny" file="tests\day7FinalHardening.test.ts" line="62" tests="3" assertions="11" failures="0" skipped="0" time="1.184" hostname="">
        <testcase name="authorizes only the designated role and blocks unauthorized actors" classname="1. Server-Side required_role Guard &amp;amp; Scope Scrutiny &amp;gt; Day 7 Final Verification &amp;amp; Hardening Pass" time="0.575512" file="tests\day7FinalHardening.test.ts" line="63" assertions="1" />
        <testcase name="blocks non-supervisory role from executing an administrative override" classname="1. Server-Side required_role Guard &amp;amp; Scope Scrutiny &amp;gt; Day 7 Final Verification &amp;amp; Hardening Pass" time="0.571908" file="tests\day7FinalHardening.test.ts" line="109" assertions="1" />
        <testcase name="enforces territorial and project scoping on case operations and live HTTP routes" classname="1. Server-Side required_role Guard &amp;amp; Scope Scrutiny &amp;gt; Day 7 Final Verification &amp;amp; Hardening Pass" time="0.03816" file="tests\day7FinalHardening.test.ts" line="155" assertions="9" />
      </testsuite>
      <testsuite name="2. Configurable completion_criteria Validation" file="tests\day7FinalHardening.test.ts" line="207" tests="2" assertions="2" failures="0" skipped="0" time="2.93" hostname="">
        <testcase name="evaluates data-driven criteria and blocks completion when criteria are unmet" classname="2. Configurable completion_criteria Validation &amp;gt; Day 7 Final Verification &amp;amp; Hardening Pass" time="1.469391" file="tests\day7FinalHardening.test.ts" line="208" assertions="1" />
        <testcase name="blocks administrative override without substantive statutory justification (min 10 chars)" classname="2. Configurable completion_criteria Validation &amp;gt; Day 7 Final Verification &amp;amp; Hardening Pass" time="1.461603" file="tests\day7FinalHardening.test.ts" line="258" assertions="1" />
      </testsuite>
      <testsuite name="3. Recommendation Outcome Integrity &amp; Provenance Separation" file="tests\day7FinalHardening.test.ts" line="314" tests="1" assertions="5" failures="0" skipped="0" time="0" hostname="">
        <testcase name="strictly separates officer observations from system-calculated measured outcomes" classname="3. Recommendation Outcome Integrity &amp;amp; Provenance Separation &amp;gt; Day 7 Final Verification &amp;amp; Hardening Pass" time="0.000652" file="tests\day7FinalHardening.test.ts" line="315" assertions="5" />
      </testsuite>
      <testsuite name="4. Dispute Persistence, Degraded Mode &amp; Territorial Scoping" file="tests\day7FinalHardening.test.ts" line="395" tests="2" assertions="14" failures="0" skipped="0" time="1.766" hostname="">
        <testcase name="enforces jurisdictional scoping on disputes and blocks cross-project access" classname="4. Dispute Persistence, Degraded Mode &amp;amp; Territorial Scoping &amp;gt; Day 7 Final Verification &amp;amp; Hardening Pass" time="0.006204" file="tests\day7FinalHardening.test.ts" line="396" assertions="9" />
        <testcase name="permits authorized officers in-scope to file and resolve disputes" classname="4. Dispute Persistence, Degraded Mode &amp;amp; Territorial Scoping &amp;gt; Day 7 Final Verification &amp;amp; Hardening Pass" time="1.760647" file="tests\day7FinalHardening.test.ts" line="455" assertions="5" />
      </testsuite>
    </testsuite>
  </testsuite>
  <testsuite name="tests\day7GapResolution.test.ts" file="tests\day7GapResolution.test.ts" tests="13" assertions="36" failures="0" skipped="0" time="0" hostname="">
    <testsuite name="Day 7 Product Gap Resolution &amp; Stabilization Suite" file="tests\day7GapResolution.test.ts" line="110" tests="13" assertions="36" failures="0" skipped="0" time="0" hostname="">
      <testsuite name="1. Missing Statutory Documents Detection &amp; Risk Elevation" file="tests\day7GapResolution.test.ts" line="114" tests="3" assertions="12" failures="0" skipped="0" time="0.001" hostname="">
        <testcase name="detects missing documents for active stages accurately" classname="1. Missing Statutory Documents Detection &amp;amp; Risk Elevation &amp;gt; Day 7 Product Gap Resolution &amp;amp; Stabilization Suite" time="0.000334" file="tests\day7GapResolution.test.ts" line="115" assertions="5" />
        <testcase name="elevates risk score and documents friction when mandatory statutory documents are missing" classname="1. Missing Statutory Documents Detection &amp;amp; Risk Elevation &amp;gt; Day 7 Product Gap Resolution &amp;amp; Stabilization Suite" time="0.001496" file="tests\day7GapResolution.test.ts" line="130" assertions="4" />
        <testcase name="flags missing statutory documents as active bottlenecks in bottleneckDetector" classname="1. Missing Statutory Documents Detection &amp;amp; Risk Elevation &amp;gt; Day 7 Product Gap Resolution &amp;amp; Stabilization Suite" time="0.000505" file="tests\day7GapResolution.test.ts" line="148" assertions="3" />
      </testsuite>
      <testsuite name="2. Spatial Geometry Quality Risk Dimension" file="tests\day7GapResolution.test.ts" line="167" tests="2" assertions="3" failures="0" skipped="0" time="0" hostname="">
        <testcase name="evaluates invalid geometry and elevates spatial risk impact score" classname="2. Spatial Geometry Quality Risk Dimension &amp;gt; Day 7 Product Gap Resolution &amp;amp; Stabilization Suite" time="0.000797" file="tests\day7GapResolution.test.ts" line="168" assertions="2" />
        <testcase name="flags unmapped parcels during survey stages as a systemic bottleneck" classname="2. Spatial Geometry Quality Risk Dimension &amp;gt; Day 7 Product Gap Resolution &amp;amp; Stabilization Suite" time="0.000426" file="tests\day7GapResolution.test.ts" line="197" assertions="1" />
      </testsuite>
      <testsuite name="3. Cadastral Disputes &amp; Statutory Objections Integration" file="tests\day7GapResolution.test.ts" line="230" tests="1" assertions="2" failures="0" skipped="0" time="0.001" hostname="">
        <testcase name="elevates cadastral risk score when active disputes and judicial stays are present" classname="3. Cadastral Disputes &amp;amp; Statutory Objections Integration &amp;gt; Day 7 Product Gap Resolution &amp;amp; Stabilization Suite" time="0.001621" file="tests\day7GapResolution.test.ts" line="231" assertions="2" />
      </testsuite>
      <testsuite name="4. Recommendation Outcomes &amp; Closed-Loop Portfolio Traceability" file="tests\day7GapResolution.test.ts" line="278" tests="1" assertions="4" failures="0" skipped="0" time="0" hostname="">
        <testcase name="aggregates realized savings and transitions portfolio state to observed_outcome" classname="4. Recommendation Outcomes &amp;amp; Closed-Loop Portfolio Traceability &amp;gt; Day 7 Product Gap Resolution &amp;amp; Stabilization Suite" time="0.000395" file="tests\day7GapResolution.test.ts" line="279" assertions="4" />
      </testsuite>
      <testsuite name="5. Live HTTP Route Protection &amp; RBAC Enforcement" file="tests\day7GapResolution.test.ts" line="317" tests="6" assertions="15" failures="0" skipped="0" time="2.646" hostname="">
        <testcase name="rejects unauthenticated requests to DELETE parcel with 401" classname="5. Live HTTP Route Protection &amp;amp; RBAC Enforcement &amp;gt; Day 7 Product Gap Resolution &amp;amp; Stabilization Suite" time="0.008072" file="tests\day7GapResolution.test.ts" line="318" assertions="1" />
        <testcase name="rejects unauthenticated requests to GET case intelligence with 401" classname="5. Live HTTP Route Protection &amp;amp; RBAC Enforcement &amp;gt; Day 7 Product Gap Resolution &amp;amp; Stabilization Suite" time="0.001802" file="tests\day7GapResolution.test.ts" line="325" assertions="1" />
        <testcase name="rejects unauthenticated requests to GET case scenarios with 401" classname="5. Live HTTP Route Protection &amp;amp; RBAC Enforcement &amp;gt; Day 7 Product Gap Resolution &amp;amp; Stabilization Suite" time="0.00143" file="tests\day7GapResolution.test.ts" line="330" assertions="1" />
        <testcase name="rejects unauthenticated requests to GET case disputes with 401" classname="5. Live HTTP Route Protection &amp;amp; RBAC Enforcement &amp;gt; Day 7 Product Gap Resolution &amp;amp; Stabilization Suite" time="0.001292" file="tests\day7GapResolution.test.ts" line="335" assertions="1" />
        <testcase name="rejects unauthenticated requests to POST case disputes with 401" classname="5. Live HTTP Route Protection &amp;amp; RBAC Enforcement &amp;gt; Day 7 Product Gap Resolution &amp;amp; Stabilization Suite" time="0.001806" file="tests\day7GapResolution.test.ts" line="340" assertions="1" />
        <testcase name="authorizes authenticated officers to create, read, and update disputes over live HTTP" classname="5. Live HTTP Route Protection &amp;amp; RBAC Enforcement &amp;gt; Day 7 Product Gap Resolution &amp;amp; Stabilization Suite" time="2.63464" file="tests\day7GapResolution.test.ts" line="353" assertions="10" />
      </testsuite>
    </testsuite>
  </testsuite>
  <testsuite name="tests\day8ExternalIntegrations.test.ts" file="tests\day8ExternalIntegrations.test.ts" tests="57" assertions="271" failures="0" skipped="0" time="0" hostname="">
    <testsuite name="Day 8: External Provider Integration Architecture Suite" file="tests\day8ExternalIntegrations.test.ts" line="47" tests="57" assertions="271" failures="0" skipped="0" time="0" hostname="">
      <testsuite name="1. Integration Policy Engine &amp; Provider Resolution" file="tests\day8ExternalIntegrations.test.ts" line="63" tests="3" assertions="14" failures="0" skipped="0" time="1.424" hostname="">
        <testcase name="initializes with verified institutional defaults" classname="1. Integration Policy Engine &amp;amp; Provider Resolution &amp;gt; Day 8: External Provider Integration Architecture Suite" time="0.00036" file="tests\day8ExternalIntegrations.test.ts" line="64" assertions="7" />
        <testcase name="dynamically updates policy in-flight and alters active provider resolution" classname="1. Integration Policy Engine &amp;amp; Provider Resolution &amp;gt; Day 8: External Provider Integration Architecture Suite" time="0.85778" file="tests\day8ExternalIntegrations.test.ts" line="75" assertions="5" />
        <testcase name="resets cleanly to defaults for test isolation" classname="1. Integration Policy Engine &amp;amp; Provider Resolution &amp;gt; Day 8: External Provider Integration Architecture Suite" time="0.567311" file="tests\day8ExternalIntegrations.test.ts" line="91" assertions="2" />
      </testsuite>
      <testsuite name="2. Road Routing Engine (OSRM &amp; Google Routes)" file="tests\day8ExternalIntegrations.test.ts" line="103" tests="4" assertions="26" failures="0" skipped="0" time="0.633" hostname="">
        <testcase name="strictly validates coordinate points against statutory WGS-84 bounds" classname="2. Road Routing Engine (OSRM &amp;amp; Google Routes) &amp;gt; Day 8: External Provider Integration Architecture Suite" time="0.000877" file="tests\day8ExternalIntegrations.test.ts" line="104" assertions="5" />
        <testcase name="calculates normalized route using OSRM with accurate topological capabilities" classname="2. Road Routing Engine (OSRM &amp;amp; Google Routes) &amp;gt; Day 8: External Provider Integration Architecture Suite" time="0.211463" file="tests\day8ExternalIntegrations.test.ts" line="112" assertions="12" />
        <testcase name="GoogleRoutesProvider gracefully triggers capability-specific fallback to OSRM when unconfigured" classname="2. Road Routing Engine (OSRM &amp;amp; Google Routes) &amp;gt; Day 8: External Provider Integration Architecture Suite" time="0.213005" file="tests\day8ExternalIntegrations.test.ts" line="142" assertions="6" />
        <testcase name="routingService manager validates and routes requests based on active policy" classname="2. Road Routing Engine (OSRM &amp;amp; Google Routes) &amp;gt; Day 8: External Provider Integration Architecture Suite" time="0.209662" file="tests\day8ExternalIntegrations.test.ts" line="169" assertions="3" />
      </testsuite>
      <testsuite name="3. Geocoding Architecture &amp; Capability Fallbacks" file="tests\day8ExternalIntegrations.test.ts" line="190" tests="3" assertions="7" failures="0" skipped="0" time="1.171" hostname="">
        <testcase name="NominatimProvider handles forward and reverse geocoding with WGS-84 validation" classname="3. Geocoding Architecture &amp;amp; Capability Fallbacks &amp;gt; Day 8: External Provider Integration Architecture Suite" time="0.000654" file="tests\day8ExternalIntegrations.test.ts" line="191" assertions="3" />
        <testcase name="GoogleGeocodingProvider gracefully falls back to Nominatim when unconfigured" classname="3. Geocoding Architecture &amp;amp; Capability Fallbacks &amp;gt; Day 8: External Provider Integration Architecture Suite" time="0.010166" file="tests\day8ExternalIntegrations.test.ts" line="199" assertions="2" />
        <testcase name="geocodingService dynamically switches provider according to integration policy" classname="3. Geocoding Architecture &amp;amp; Capability Fallbacks &amp;gt; Day 8: External Provider Integration Architecture Suite" time="1.161056" file="tests\day8ExternalIntegrations.test.ts" line="217" assertions="2" />
      </testsuite>
      <testsuite name="4. Satellite Earth Observation &amp; Bhuvan WMS Layers" file="tests\day8ExternalIntegrations.test.ts" line="229" tests="5" assertions="25" failures="0" skipped="0" time="0.001" hostname="">
        <testcase name="validates bounding box bounds strictly" classname="4. Satellite Earth Observation &amp;amp; Bhuvan WMS Layers &amp;gt; Day 8: External Provider Integration Architecture Suite" time="0.001135" file="tests\day8ExternalIntegrations.test.ts" line="230" assertions="4" />
        <testcase name="IsroBhuvanProvider provides sovereign thematic WMS layers with zero credentials required" classname="4. Satellite Earth Observation &amp;amp; Bhuvan WMS Layers &amp;gt; Day 8: External Provider Integration Architecture Suite" time="0.000992" file="tests\day8ExternalIntegrations.test.ts" line="240" assertions="9" />
        <testcase name="GoogleHybridTileProvider reflects operational status honestly based on API key" classname="4. Satellite Earth Observation &amp;amp; Bhuvan WMS Layers &amp;gt; Day 8: External Provider Integration Architecture Suite" time="0.000344" file="tests\day8ExternalIntegrations.test.ts" line="261" assertions="5" />
        <testcase name="CopernicusCdseProvider honestly reports unconfigured credentials without fabricating fake data or NDVI" classname="4. Satellite Earth Observation &amp;amp; Bhuvan WMS Layers &amp;gt; Day 8: External Provider Integration Architecture Suite" time="0.000928" file="tests\day8ExternalIntegrations.test.ts" line="277" assertions="5" />
        <testcase name="satelliteService manager exposes layer list governed by integration policy" classname="4. Satellite Earth Observation &amp;amp; Bhuvan WMS Layers &amp;gt; Day 8: External Provider Integration Architecture Suite" time="0.000643" file="tests\day8ExternalIntegrations.test.ts" line="304" assertions="2" />
      </testsuite>
      <testsuite name="5. Multilingual Translation Service (Bhashini, Gemini, Passthrough)" file="tests\day8ExternalIntegrations.test.ts" line="314" tests="5" assertions="22" failures="0" skipped="0" time="1.37" hostname="">
        <testcase name="validates translation input parameters strictly" classname="5. Multilingual Translation Service (Bhashini, Gemini, Passthrough) &amp;gt; Day 8: External Provider Integration Architecture Suite" time="0.001266" file="tests\day8ExternalIntegrations.test.ts" line="315" assertions="2" />
        <testcase name="returns identity passthrough when source and target language are identical" classname="5. Multilingual Translation Service (Bhashini, Gemini, Passthrough) &amp;gt; Day 8: External Provider Integration Architecture Suite" time="0.000427" file="tests\day8ExternalIntegrations.test.ts" line="320" assertions="6" />
        <testcase name="OfflinePassthroughProvider returns original text with honest unavailable status" classname="5. Multilingual Translation Service (Bhashini, Gemini, Passthrough) &amp;gt; Day 8: External Provider Integration Architecture Suite" time="0.000492" file="tests\day8ExternalIntegrations.test.ts" line="335" assertions="7" />
        <testcase name="BhashiniTranslationProvider returns honest not_configured status when credentials missing" classname="5. Multilingual Translation Service (Bhashini, Gemini, Passthrough) &amp;gt; Day 8: External Provider Integration Architecture Suite" time="0.001681" file="tests\day8ExternalIntegrations.test.ts" line="352" assertions="5" />
        <testcase name="translates accurately via Gemini when Gemini is configured and translation_provider is gemini" classname="5. Multilingual Translation Service (Bhashini, Gemini, Passthrough) &amp;gt; Day 8: External Provider Integration Architecture Suite" time="1.368248" file="tests\day8ExternalIntegrations.test.ts" line="377" assertions="2" />
      </testsuite>
      <testsuite name="6. Data Source Registry &amp; Zero-Leakage Health Probes" file="tests\day8ExternalIntegrations.test.ts" line="410" tests="3" assertions="41" failures="0" skipped="0" time="7.874" hostname="">
        <testcase name="registers all Day 8 external providers in listDataSources()" classname="6. Data Source Registry &amp;amp; Zero-Leakage Health Probes &amp;gt; Day 8: External Provider Integration Architecture Suite" time="1.424421" file="tests\day8ExternalIntegrations.test.ts" line="411" assertions="7" />
        <testcase name="evaluates dynamic operational statuses truthfully without crashing" classname="6. Data Source Registry &amp;amp; Zero-Leakage Health Probes &amp;gt; Day 8: External Provider Integration Architecture Suite" time="1.170274" file="tests\day8ExternalIntegrations.test.ts" line="424" assertions="4" />
        <testcase name="testDataSourceConnectivity strictly never exposes API secrets in test responses" classname="6. Data Source Registry &amp;amp; Zero-Leakage Health Probes &amp;gt; Day 8: External Provider Integration Architecture Suite" time="5.280705" file="tests\day8ExternalIntegrations.test.ts" line="436" assertions="30" />
      </testsuite>
      <testsuite name="7. HTTP API Integration Endpoints" file="tests\day8ExternalIntegrations.test.ts" line="463" tests="6" assertions="16" failures="0" skipped="0" time="0.526" hostname="">
        <testcase name="POST /api/integrations/routing/calculate rejects invalid coordinate payloads with HTTP 400" classname="7. HTTP API Integration Endpoints &amp;gt; Day 8: External Provider Integration Architecture Suite" time="0.005798" file="tests\day8ExternalIntegrations.test.ts" line="464" assertions="2" />
        <testcase name="POST /api/integrations/routing/calculate calculates valid route when coordinates are valid" classname="7. HTTP API Integration Endpoints &amp;gt; Day 8: External Provider Integration Architecture Suite" time="0.21841" file="tests\day8ExternalIntegrations.test.ts" line="484" assertions="4" />
        <testcase name="GET /api/integrations/satellite/layers returns active layers list" classname="7. HTTP API Integration Endpoints &amp;gt; Day 8: External Provider Integration Architecture Suite" time="0.003431" file="tests\day8ExternalIntegrations.test.ts" line="515" assertions="2" />
        <testcase name="GET /api/integrations/satellite/imagery-metadata rejects missing bbox with HTTP 400" classname="7. HTTP API Integration Endpoints &amp;gt; Day 8: External Provider Integration Architecture Suite" time="0.002241" file="tests\day8ExternalIntegrations.test.ts" line="529" assertions="2" />
        <testcase name="POST /api/integrations/translation/translate translates or returns honest status" classname="7. HTTP API Integration Endpoints &amp;gt; Day 8: External Provider Integration Architecture Suite" time="0.002874" file="tests\day8ExternalIntegrations.test.ts" line="540" assertions="3" />
        <testcase name="GET /api/integrations/policy returns active statutory integration policy" classname="7. HTTP API Integration Endpoints &amp;gt; Day 8: External Provider Integration Architecture Suite" time="0.296653" file="tests\day8ExternalIntegrations.test.ts" line="568" assertions="3" />
      </testsuite>
      <testsuite name="8. Adversarial Input Hardening" file="tests\day8ExternalIntegrations.test.ts" line="590" tests="7" assertions="13" failures="0" skipped="0" time="0.582" hostname="">
        <testcase name="POST /api/integrations/routing/calculate rejects Infinity coordinates via strict schema" classname="8. Adversarial Input Hardening &amp;gt; Day 8: External Provider Integration Architecture Suite" time="0.003063" file="tests\day8ExternalIntegrations.test.ts" line="591" assertions="1" />
        <testcase name="POST /api/integrations/routing/calculate rejects unknown fields (SSRF: url, provider)" classname="8. Adversarial Input Hardening &amp;gt; Day 8: External Provider Integration Architecture Suite" time="0.00279" file="tests\day8ExternalIntegrations.test.ts" line="611" assertions="1" />
        <testcase name="POST /api/integrations/translation/translate rejects unknown fields in strict schema" classname="8. Adversarial Input Hardening &amp;gt; Day 8: External Provider Integration Architecture Suite" time="0.003181" file="tests\day8ExternalIntegrations.test.ts" line="634" assertions="1" />
        <testcase name="POST /api/integrations/translation/translate rejects text exceeding max length" classname="8. Adversarial Input Hardening &amp;gt; Day 8: External Provider Integration Architecture Suite" time="0.002586" file="tests\day8ExternalIntegrations.test.ts" line="656" assertions="1" />
        <testcase name="PUT /api/integrations/policy rejects unknown fields in strict schema" classname="8. Adversarial Input Hardening &amp;gt; Day 8: External Provider Integration Architecture Suite" time="0.002081" file="tests\day8ExternalIntegrations.test.ts" line="677" assertions="1" />
        <testcase name="GET /api/integrations/sources returns source registry without exposing secrets" classname="8. Adversarial Input Hardening &amp;gt; Day 8: External Provider Integration Architecture Suite" time="0.56934" file="tests\day8ExternalIntegrations.test.ts" line="697" assertions="5" />
        <testcase name="validateCoordinatePoint rejects Infinity and NaN" classname="8. Adversarial Input Hardening &amp;gt; Day 8: External Provider Integration Architecture Suite" time="0.001513" file="tests\day8ExternalIntegrations.test.ts" line="723" assertions="3" />
      </testsuite>
      <testsuite name="9. Provider Status Semantics (configured vs operational)" file="tests\day8ExternalIntegrations.test.ts" line="733" tests="2" assertions="10" failures="0" skipped="0" time="2.878" hostname="">
        <testcase name="evaluateSourceStatus returns configured (not operational) for credential-only sources" classname="9. Provider Status Semantics (configured vs operational) &amp;gt; Day 8: External Provider Integration Architecture Suite" time="1.744612" file="tests\day8ExternalIntegrations.test.ts" line="734" assertions="6" />
        <testcase name="evaluateSourceStatus returns operational for live-probed open sources" classname="9. Provider Status Semantics (configured vs operational) &amp;gt; Day 8: External Provider Integration Architecture Suite" time="1.134386" file="tests\day8ExternalIntegrations.test.ts" line="758" assertions="4" />
      </testsuite>
      <testsuite name="10. Translation Governance (translation_type + disclaimer)" file="tests\day8ExternalIntegrations.test.ts" line="774" tests="4" assertions="8" failures="0" skipped="0" time="0" hostname="">
        <testcase name="identity passthrough includes translation_type=identity and disclaimer" classname="10. Translation Governance (translation_type + disclaimer) &amp;gt; Day 8: External Provider Integration Architecture Suite" time="0.000512" file="tests\day8ExternalIntegrations.test.ts" line="775" assertions="3" />
        <testcase name="offline passthrough includes translation_type=untranslated_passthrough" classname="10. Translation Governance (translation_type + disclaimer) &amp;gt; Day 8: External Provider Integration Architecture Suite" time="0.000333" file="tests\day8ExternalIntegrations.test.ts" line="786" assertions="3" />
        <testcase name="Bhashini unconfigured returns translation_type=untranslated_passthrough" classname="10. Translation Governance (translation_type + disclaimer) &amp;gt; Day 8: External Provider Integration Architecture Suite" time="0.000506" file="tests\day8ExternalIntegrations.test.ts" line="798" assertions="2" />
        <testcase name="Gemini unconfigured returns translation_type=untranslated_passthrough" classname="10. Translation Governance (translation_type + disclaimer) &amp;gt; Day 8: External Provider Integration Architecture Suite" time="0.000269" file="tests\day8ExternalIntegrations.test.ts" line="819" assertions="0" />
      </testsuite>
      <testsuite name="11. Policy-Driven Satellite Layer Selection" file="tests\day8ExternalIntegrations.test.ts" line="836" tests="3" assertions="6" failures="0" skipped="0" time="0" hostname="">
        <testcase name="getAvailableLayers returns only Bhuvan layers when policy is bhuvan" classname="11. Policy-Driven Satellite Layer Selection &amp;gt; Day 8: External Provider Integration Architecture Suite" time="0.000802" file="tests\day8ExternalIntegrations.test.ts" line="837" assertions="2" />
        <testcase name="getAvailableLayers includes google_hybrid when policy is google_hybrid" classname="11. Policy-Driven Satellite Layer Selection &amp;gt; Day 8: External Provider Integration Architecture Suite" time="0.000568" file="tests\day8ExternalIntegrations.test.ts" line="844" assertions="1" />
        <testcase name="satellite layer URL never contains API key" classname="11. Policy-Driven Satellite Layer Selection &amp;gt; Day 8: External Provider Integration Architecture Suite" time="0.000436" file="tests\day8ExternalIntegrations.test.ts" line="850" assertions="3" />
      </testsuite>
      <testsuite name="12. Malformed External Provider Response Resilience" file="tests\day8ExternalIntegrations.test.ts" line="865" tests="2" assertions="6" failures="0" skipped="0" time="0" hostname="">
        <testcase name="custom geocoding provider handles null, empty, and non-array responses without crashing" classname="12. Malformed External Provider Response Resilience &amp;gt; Day 8: External Provider Integration Architecture Suite" time="0.000615" file="tests\day8ExternalIntegrations.test.ts" line="866" assertions="3" />
        <testcase name="validateBoundingBox rejects malformed bboxes with non-numbers or inverted coordinates" classname="12. Malformed External Provider Response Resilience &amp;gt; Day 8: External Provider Integration Architecture Suite" time="0.000354" file="tests\day8ExternalIntegrations.test.ts" line="884" assertions="3" />
      </testsuite>
      <testsuite name="13. Document Intelligence &amp; Extraction Resilience" file="tests\day8ExternalIntegrations.test.ts" line="894" tests="3" assertions="9" failures="0" skipped="0" time="0" hostname="">
        <testcase name="StructuredExtractionSchema strictly validates and defaults required fields" classname="13. Document Intelligence &amp;amp; Extraction Resilience &amp;gt; Day 8: External Provider Integration Architecture Suite" time="0.000758" file="tests\day8ExternalIntegrations.test.ts" line="895" assertions="5" />
        <testcase name="extractDocumentIntelligence reports unconfigured gracefully when key missing or placeholder" classname="13. Document Intelligence &amp;amp; Extraction Resilience &amp;gt; Day 8: External Provider Integration Architecture Suite" time="0.000542" file="tests\day8ExternalIntegrations.test.ts" line="912" assertions="2" />
        <testcase name="extractDocumentIntelligence rejects oversized file buffers over 15MB" classname="13. Document Intelligence &amp;amp; Extraction Resilience &amp;gt; Day 8: External Provider Integration Architecture Suite" time="0.000424" file="tests\day8ExternalIntegrations.test.ts" line="930" assertions="2" />
      </testsuite>
      <testsuite name="14. SSRF &amp; Sensitive Target Protection" file="tests\day8ExternalIntegrations.test.ts" line="946" tests="1" assertions="50" failures="0" skipped="0" time="0.626" hostname="">
        <testcase name="all registered data sources use https: official government or trusted endpoints" classname="14. SSRF &amp;amp; Sensitive Target Protection &amp;gt; Day 8: External Provider Integration Architecture Suite" time="0.626857" file="tests\day8ExternalIntegrations.test.ts" line="947" assertions="50" />
      </testsuite>
      <testsuite name="16. MapTiler Basemap Cartography &amp; Provider Abstraction" file="tests\day8ExternalIntegrations.test.ts" line="964" tests="6" assertions="18" failures="0" skipped="0" time="2.302" hostname="">
        <testcase name="satelliteService exposes MapTiler satellite &amp; topo layers when policy is maptiler_satellite" classname="16. MapTiler Basemap Cartography &amp;amp; Provider Abstraction &amp;gt; Day 8: External Provider Integration Architecture Suite" time="0.001425" file="tests\day8ExternalIntegrations.test.ts" line="965" assertions="4" />
        <testcase name="MapTiler layer configurations mandate proper dual attribution (MapTiler + OSM)" classname="16. MapTiler Basemap Cartography &amp;amp; Provider Abstraction &amp;gt; Day 8: External Provider Integration Architecture Suite" time="0.000666" file="tests\day8ExternalIntegrations.test.ts" line="975" assertions="3" />
        <testcase name="MapTiler layer endpoint template never leaks raw credential secrets" classname="16. MapTiler Basemap Cartography &amp;amp; Provider Abstraction &amp;gt; Day 8: External Provider Integration Architecture Suite" time="0.000525" file="tests\day8ExternalIntegrations.test.ts" line="984" assertions="2" />
        <testcase name="listDataSources registers maptiler in data source registry" classname="16. MapTiler Basemap Cartography &amp;amp; Provider Abstraction &amp;gt; Day 8: External Provider Integration Architecture Suite" time="0.610956" file="tests\day8ExternalIntegrations.test.ts" line="992" assertions="3" />
        <testcase name="testDataSourceConnectivity test for maptiler never leaks credentials in probe response" classname="16. MapTiler Basemap Cartography &amp;amp; Provider Abstraction &amp;gt; Day 8: External Provider Integration Architecture Suite" time="1.101159" file="tests\day8ExternalIntegrations.test.ts" line="1000" assertions="3" />
        <testcase name="dynamically updates map_provider and maptiler_style via IntegrationPolicy without code modification" classname="16. MapTiler Basemap Cartography &amp;amp; Provider Abstraction &amp;gt; Day 8: External Provider Integration Architecture Suite" time="0.590448" file="tests\day8ExternalIntegrations.test.ts" line="1009" assertions="3" />
      </testsuite>
    </testsuite>
  </testsuite>
  <testsuite name="tests\deviationCalculator.test.ts" file="tests\deviationCalculator.test.ts" tests="5" assertions="15" failures="0" skipped="0" time="0" hostname="">
    <testsuite name="Deviation Calculator &amp; Timeline Math" file="tests\deviationCalculator.test.ts" line="10" tests="5" assertions="15" failures="0" skipped="0" time="0" hostname="">
      <testcase name="correctly calculates days between two ISO dates" classname="Deviation Calculator &amp;amp; Timeline Math" time="0.000235" file="tests\deviationCalculator.test.ts" line="11" assertions="3" />
      <testcase name="correctly shifts date by N days" classname="Deviation Calculator &amp;amp; Timeline Math" time="0.000099" file="tests\deviationCalculator.test.ts" line="17" assertions="2" />
      <testcase name="computes positive deviation when a completed stage finishes late" classname="Deviation Calculator &amp;amp; Timeline Math" time="0.000349" file="tests\deviationCalculator.test.ts" line="22" assertions="2" />
      <testcase name="detects overdue days dynamically for an active stage past expected end date" classname="Deviation Calculator &amp;amp; Timeline Math" time="0.00016" file="tests\deviationCalculator.test.ts" line="43" assertions="3" />
      <testcase name="calculates portfolio-level case metrics dynamically without hardcoding" classname="Deviation Calculator &amp;amp; Timeline Math" time="0.000254" file="tests\deviationCalculator.test.ts" line="66" assertions="5" />
    </testsuite>
  </testsuite>
  <testsuite name="tests\documentWorkflow.test.ts" file="tests\documentWorkflow.test.ts" tests="3" assertions="15" failures="0" skipped="0" time="0" hostname="">
    <testsuite name="Document Intelligence &amp; Zero-Hardcoding Compliance" file="tests\documentWorkflow.test.ts" line="5" tests="3" assertions="15" failures="0" skipped="0" time="0" hostname="">
      <testcase name="strictly refuses to fabricate domain data when Gemini API key is missing" classname="Document Intelligence &amp;amp; Zero-Hardcoding Compliance" time="0.000312" file="tests\documentWorkflow.test.ts" line="6" assertions="5" />
      <testcase name="preserves raw AI extractions and records human edits separately in human_edited_data" classname="Document Intelligence &amp;amp; Zero-Hardcoding Compliance" time="0.000236" file="tests\documentWorkflow.test.ts" line="28" assertions="7" />
      <testcase name="rejects an invalid extraction while preserving the original document record" classname="Document Intelligence &amp;amp; Zero-Hardcoding Compliance" time="0.000096" file="tests\documentWorkflow.test.ts" line="83" assertions="3" />
    </testsuite>
  </testsuite>
  <testsuite name="tests\e2eLifecycle.test.ts" file="tests\e2eLifecycle.test.ts" tests="4" assertions="147" failures="0" skipped="0" time="0" hostname="">
    <testsuite name="BhoomiSetu Real End-to-End National Lifecycle Verification Suite" file="tests\e2eLifecycle.test.ts" line="95" tests="4" assertions="147" failures="0" skipped="0" time="11.592" hostname="">
      <testcase name="1. Dynamically discovers full 4-tier LGD administrative hierarchy without hardcoding" classname="BhoomiSetu Real End-to-End National Lifecycle Verification Suite" time="0.00411" file="tests\e2eLifecycle.test.ts" line="117" assertions="16" />
      <testcase name="2. Executes complete connected lifecycle from Project -&gt; Case -&gt; Workflow -&gt; Predictive Intelligence -&gt; Observed Outcome -&gt; Portfolio" classname="BhoomiSetu Real End-to-End National Lifecycle Verification Suite" time="9.026465" file="tests\e2eLifecycle.test.ts" line="234" assertions="100" />
      <testcase name="3. Enforces strict server-side RBAC and blocks cross-project and cross-district tampering" classname="BhoomiSetu Real End-to-End National Lifecycle Verification Suite" time="0.000494" file="tests\e2eLifecycle.test.ts" line="1010" assertions="8" />
      <testcase name="4. Systematically verifies all 20 failure and adversarial scenarios" classname="BhoomiSetu Real End-to-End National Lifecycle Verification Suite" time="2.562571" file="tests\e2eLifecycle.test.ts" line="1066" assertions="23" />
    </testsuite>
  </testsuite>
  <testsuite name="tests\geojsonValidator.test.ts" file="tests\geojsonValidator.test.ts" tests="5" assertions="21" failures="0" skipped="0" time="0" hostname="">
    <testsuite name="GeoJSON Spatial Validator" file="tests\geojsonValidator.test.ts" line="5" tests="5" assertions="21" failures="0" skipped="0" time="0" hostname="">
      <testcase name="validates a correct GeoJSON Polygon with closed ring" classname="GeoJSON Spatial Validator" time="0.000235" file="tests\geojsonValidator.test.ts" line="6" assertions="7" />
      <testcase name="rejects an unclosed Polygon ring" classname="GeoJSON Spatial Validator" time="0.00016" file="tests\geojsonValidator.test.ts" line="31" assertions="2" />
      <testcase name="rejects coordinates exceeding statutory WGS-84 bounds" classname="GeoJSON Spatial Validator" time="0.000104" file="tests\geojsonValidator.test.ts" line="49" assertions="2" />
      <testcase name="validates a multi-feature FeatureCollection and computes corridor bbox" classname="GeoJSON Spatial Validator" time="0.000737" file="tests\geojsonValidator.test.ts" line="67" assertions="7" />
      <testcase name="rejects invalid structures and empty objects" classname="GeoJSON Spatial Validator" time="0.00013" file="tests\geojsonValidator.test.ts" line="118" assertions="3" />
    </testsuite>
  </testsuite>
  <testsuite name="tests\intelligenceEngine.test.ts" file="tests\intelligenceEngine.test.ts" tests="8" assertions="35" failures="0" skipped="0" time="0" hostname="">
    <testsuite name="Day 3 Decision Intelligence &amp; Predictive Analytics Engine" file="tests\intelligenceEngine.test.ts" line="16" tests="8" assertions="35" failures="0" skipped="0" time="0" hostname="">
      <testsuite name="Explainable Multi-Factor Risk Assessment" file="tests\intelligenceEngine.test.ts" line="143" tests="3" assertions="9" failures="0" skipped="0" time="0.001" hostname="">
        <testcase name="calculates low risk score for on-schedule cases without friction" classname="Explainable Multi-Factor Risk Assessment &amp;gt; Day 3 Decision Intelligence &amp;amp; Predictive Analytics Engine" time="0.000803" file="tests\intelligenceEngine.test.ts" line="144" assertions="3" />
        <testcase name="derives elevated risk when schedule is significantly delayed" classname="Explainable Multi-Factor Risk Assessment &amp;gt; Day 3 Decision Intelligence &amp;amp; Predictive Analytics Engine" time="0.001574" file="tests\intelligenceEngine.test.ts" line="180" assertions="3" />
        <testcase name="incorporates unverified document friction and disputed parcels into risk formula" classname="Explainable Multi-Factor Risk Assessment &amp;gt; Day 3 Decision Intelligence &amp;amp; Predictive Analytics Engine" time="0.000879" file="tests\intelligenceEngine.test.ts" line="196" assertions="3" />
      </testsuite>
      <testsuite name="Active Bottleneck Detection" file="tests\intelligenceEngine.test.ts" line="245" tests="2" assertions="7" failures="0" skipped="0" time="0" hostname="">
        <testcase name="detects SLA breaches &gt;= 5 days as active bottlenecks with downstream impact" classname="Active Bottleneck Detection &amp;gt; Day 3 Decision Intelligence &amp;amp; Predictive Analytics Engine" time="0.000684" file="tests\intelligenceEngine.test.ts" line="246" assertions="6" />
        <testcase name="returns empty array when all stages are strictly on time" classname="Active Bottleneck Detection &amp;gt; Day 3 Decision Intelligence &amp;amp; Predictive Analytics Engine" time="0.00036" file="tests\intelligenceEngine.test.ts" line="264" assertions="1" />
      </testsuite>
      <testsuite name="Downstream Schedule Impact DAG Analysis" file="tests\intelligenceEngine.test.ts" line="282" tests="1" assertions="4" failures="0" skipped="0" time="0" hostname="">
        <testcase name="propagates milestone delay downstream through DAG dependencies" classname="Downstream Schedule Impact DAG Analysis &amp;gt; Day 3 Decision Intelligence &amp;amp; Predictive Analytics Engine" time="0.000486" file="tests\intelligenceEngine.test.ts" line="283" assertions="4" />
      </testsuite>
      <testsuite name="Advisory Recommendations Engine" file="tests\intelligenceEngine.test.ts" line="302" tests="1" assertions="5" failures="0" skipped="0" time="0" hostname="">
        <testcase name="generates prioritized recommendations without auto-execution" classname="Advisory Recommendations Engine &amp;gt; Day 3 Decision Intelligence &amp;amp; Predictive Analytics Engine" time="0.000897" file="tests\intelligenceEngine.test.ts" line="303" assertions="5" />
      </testsuite>
      <testsuite name="What-If Scenario Simulation (In-Memory Isolation)" file="tests\intelligenceEngine.test.ts" line="348" tests="1" assertions="10" failures="0" skipped="0" time="0" hostname="">
        <testcase name="computes timeline recovery safely without mutating original stage dates" classname="What-If Scenario Simulation (In-Memory Isolation) &amp;gt; Day 3 Decision Intelligence &amp;amp; Predictive Analytics Engine" time="0.000644" file="tests\intelligenceEngine.test.ts" line="349" assertions="10" />
      </testsuite>
    </testsuite>
  </testsuite>
  <testsuite name="tests\lgdApiKeyVerification.test.ts" file="tests\lgdApiKeyVerification.test.ts" tests="15" assertions="68" failures="0" skipped="0" time="0" hostname="">
    <testsuite name="Deterministic LGD Configuration &amp; Integration Boundary Suite" file="tests\lgdApiKeyVerification.test.ts" line="129" tests="15" assertions="68" failures="0" skipped="0" time="0" hostname="">
      <testsuite name="1. Secret Isolation &amp; Environment Security (Offline Deterministic)" file="tests\lgdApiKeyVerification.test.ts" line="142" tests="3" assertions="8" failures="0" skipped="0" time="0" hostname="">
        <testcase name="ensures LGD API key is strictly server-side and never prefixed with VITE_" classname="1. Secret Isolation &amp;amp; Environment Security (Offline Deterministic) &amp;gt; Deterministic LGD Configuration &amp;amp; Integration Boundary Suite" time="0.000305" file="tests\lgdApiKeyVerification.test.ts" line="143" assertions="1" />
        <testcase name="confirms the secret is not exposed in public git tracked files" classname="1. Secret Isolation &amp;amp; Environment Security (Offline Deterministic) &amp;gt; Deterministic LGD Configuration &amp;amp; Integration Boundary Suite" time="0.000843" file="tests\lgdApiKeyVerification.test.ts" line="150" assertions="2" />
        <testcase name="validates server configuration correctly parses server-side environment" classname="1. Secret Isolation &amp;amp; Environment Security (Offline Deterministic) &amp;gt; Deterministic LGD Configuration &amp;amp; Integration Boundary Suite" time="0.000508" file="tests\lgdApiKeyVerification.test.ts" line="156" assertions="5" />
      </testsuite>
      <testsuite name="2. Canonical Resource Identifiers &amp; Schema Definitions" file="tests\lgdApiKeyVerification.test.ts" line="167" tests="3" assertions="23" failures="0" skipped="0" time="0" hostname="">
        <testcase name="defines canonical metadata for all four administrative tiers" classname="2. Canonical Resource Identifiers &amp;amp; Schema Definitions &amp;gt; Deterministic LGD Configuration &amp;amp; Integration Boundary Suite" time="0.00034" file="tests\lgdApiKeyVerification.test.ts" line="168" assertions="16" />
        <testcase name="correctly models naming convention difference (snake_case for higher tiers, camelCase for villages)" classname="2. Canonical Resource Identifiers &amp;amp; Schema Definitions &amp;gt; Deterministic LGD Configuration &amp;amp; Integration Boundary Suite" time="0.000098" file="tests\lgdApiKeyVerification.test.ts" line="179" assertions="4" />
        <testcase name="maps hierarchical parent-child relationships across tiers" classname="2. Canonical Resource Identifiers &amp;amp; Schema Definitions &amp;gt; Deterministic LGD Configuration &amp;amp; Integration Boundary Suite" time="0.000066" file="tests\lgdApiKeyVerification.test.ts" line="186" assertions="3" />
      </testsuite>
      <testsuite name="3. Hardened HTTP Boundary &amp; Safe Query Construction" file="tests\lgdApiKeyVerification.test.ts" line="194" tests="4" assertions="15" failures="0" skipped="0" time="0.002" hostname="">
        <testcase name="safely constructs URL with query parameters without leaking API key in diagnostics" classname="3. Hardened HTTP Boundary &amp;amp; Safe Query Construction &amp;gt; Deterministic LGD Configuration &amp;amp; Integration Boundary Suite" time="0.00248" file="tests\lgdApiKeyVerification.test.ts" line="195" assertions="11" />
        <testcase name="enforces maximum pagination bounds (clamps limit to 1000)" classname="3. Hardened HTTP Boundary &amp;amp; Safe Query Construction &amp;gt; Deterministic LGD Configuration &amp;amp; Integration Boundary Suite" time="0.0006" file="tests\lgdApiKeyVerification.test.ts" line="225" assertions="1" />
        <testcase name="enforces minimum pagination bounds (clamps offset &gt;= 0 and limit &gt;= 1)" classname="3. Hardened HTTP Boundary &amp;amp; Safe Query Construction &amp;gt; Deterministic LGD Configuration &amp;amp; Integration Boundary Suite" time="0.000577" file="tests\lgdApiKeyVerification.test.ts" line="241" assertions="2" />
        <testcase name="throws sanitized error on missing API key without exposing sensitive internals" classname="3. Hardened HTTP Boundary &amp;amp; Safe Query Construction &amp;gt; Deterministic LGD Configuration &amp;amp; Integration Boundary Suite" time="0.000467" file="tests\lgdApiKeyVerification.test.ts" line="259" assertions="1" />
      </testsuite>
      <testsuite name="4. Deterministic Schema &amp; Payload Validation" file="tests\lgdApiKeyVerification.test.ts" line="273" tests="3" assertions="20" failures="0" skipped="0" time="0" hostname="">
        <testcase name="validates States schema payload fields" classname="4. Deterministic Schema &amp;amp; Payload Validation &amp;gt; Deterministic LGD Configuration &amp;amp; Integration Boundary Suite" time="0.000512" file="tests\lgdApiKeyVerification.test.ts" line="274" assertions="7" />
        <testcase name="validates Districts schema payload fields" classname="4. Deterministic Schema &amp;amp; Payload Validation &amp;gt; Deterministic LGD Configuration &amp;amp; Integration Boundary Suite" time="0.000448" file="tests\lgdApiKeyVerification.test.ts" line="290" assertions="6" />
        <testcase name="validates Villages schema payload fields (camelCase)" classname="4. Deterministic Schema &amp;amp; Payload Validation &amp;gt; Deterministic LGD Configuration &amp;amp; Integration Boundary Suite" time="0.000518" file="tests\lgdApiKeyVerification.test.ts" line="305" assertions="7" />
      </testsuite>
      <testsuite name="5. Deterministic Gateway Error Handling (Mocked)" file="tests\lgdApiKeyVerification.test.ts" line="323" tests="2" assertions="2" failures="0" skipped="0" time="1.437" hostname="">
        <testcase name="properly intercepts and sanitizes HTTP 403 Forbidden without leaking credentials" classname="5. Deterministic Gateway Error Handling (Mocked) &amp;gt; Deterministic LGD Configuration &amp;amp; Integration Boundary Suite" time="0.000828" file="tests\lgdApiKeyVerification.test.ts" line="324" assertions="1" />
        <testcase name="properly sanitizes gateway network disconnect without leaking internal stack" classname="5. Deterministic Gateway Error Handling (Mocked) &amp;gt; Deterministic LGD Configuration &amp;amp; Integration Boundary Suite" time="1.437907" file="tests\lgdApiKeyVerification.test.ts" line="337" assertions="1" />
      </testsuite>
    </testsuite>
  </testsuite>
  <testsuite name="tests\lgdIngestion.test.ts" file="tests\lgdIngestion.test.ts" tests="22" assertions="101" failures="0" skipped="0" time="0" hostname="">
    <testsuite name="LGD Authoritative Administrative Geography Ingestion &amp; Integration Suite" file="tests\lgdIngestion.test.ts" line="111" tests="22" assertions="101" failures="0" skipped="0" time="0" hostname="">
      <testsuite name="1. Schema Normalization Engine" file="tests\lgdIngestion.test.ts" line="125" tests="5" assertions="29" failures="0" skipped="0" time="0" hostname="">
        <testcase name="normalizes State records from snake_case OGD schema accurately" classname="1. Schema Normalization Engine &amp;gt; LGD Authoritative Administrative Geography Ingestion &amp;amp; Integration Suite" time="0.000762" file="tests\lgdIngestion.test.ts" line="126" assertions="6" />
        <testcase name="normalizes District records with parent State code linkage" classname="1. Schema Normalization Engine &amp;gt; LGD Authoritative Administrative Geography Ingestion &amp;amp; Integration Suite" time="0.000163" file="tests\lgdIngestion.test.ts" line="136" assertions="7" />
        <testcase name="normalizes Sub-District records with parent District and State codes" classname="1. Schema Normalization Engine &amp;gt; LGD Authoritative Administrative Geography Ingestion &amp;amp; Integration Suite" time="0.000201" file="tests\lgdIngestion.test.ts" line="147" assertions="7" />
        <testcase name="normalizes Village records from camelCase OGD schema with complete parent hierarchy" classname="1. Schema Normalization Engine &amp;gt; LGD Authoritative Administrative Geography Ingestion &amp;amp; Integration Suite" time="0.00021" file="tests\lgdIngestion.test.ts" line="158" assertions="8" />
        <testcase name="rejects corrupt records missing official LGD codes or names" classname="1. Schema Normalization Engine &amp;gt; LGD Authoritative Administrative Geography Ingestion &amp;amp; Integration Suite" time="0.000102" file="tests\lgdIngestion.test.ts" line="170" assertions="1" />
      </testsuite>
      <testsuite name="2. Hierarchy Integrity &amp; Sequential Dependency" file="tests\lgdIngestion.test.ts" line="179" tests="2" assertions="21" failures="0" skipped="0" time="0.003" hostname="">
        <testcase name="strictly rejects orphan child records when required parent unit does not exist" classname="2. Hierarchy Integrity &amp;amp; Sequential Dependency &amp;gt; LGD Authoritative Administrative Geography Ingestion &amp;amp; Integration Suite" time="0.001889" file="tests\lgdIngestion.test.ts" line="180" assertions="6" />
        <testcase name="successfully ingests complete hierarchy when processed in statutory dependency order" classname="2. Hierarchy Integrity &amp;amp; Sequential Dependency &amp;gt; LGD Authoritative Administrative Geography Ingestion &amp;amp; Integration Suite" time="0.002502" file="tests\lgdIngestion.test.ts" line="194" assertions="15" />
      </testsuite>
      <testsuite name="3. Idempotent Upsert &amp; Change Detection" file="tests\lgdIngestion.test.ts" line="244" tests="2" assertions="9" failures="0" skipped="0" time="0.001" hostname="">
        <testcase name="handles repeated sync runs idempotently with zero duplicate rows and reports unchanged count" classname="3. Idempotent Upsert &amp;amp; Change Detection &amp;gt; LGD Authoritative Administrative Geography Ingestion &amp;amp; Integration Suite" time="0.00116" file="tests\lgdIngestion.test.ts" line="245" assertions="6" />
        <testcase name="accurately detects and updates modified records while preserving historical entity stability" classname="3. Idempotent Upsert &amp;amp; Change Detection &amp;gt; LGD Authoritative Administrative Geography Ingestion &amp;amp; Integration Suite" time="0.000712" file="tests\lgdIngestion.test.ts" line="261" assertions="3" />
      </testsuite>
      <testsuite name="4. Synchronization Mutex &amp; Status Telemetry" file="tests\lgdIngestion.test.ts" line="285" tests="1" assertions="4" failures="0" skipped="0" time="0.001" hostname="">
        <testcase name="retrieves comprehensive LGD sync telemetry status" classname="4. Synchronization Mutex &amp;amp; Status Telemetry &amp;gt; LGD Authoritative Administrative Geography Ingestion &amp;amp; Integration Suite" time="0.001438" file="tests\lgdIngestion.test.ts" line="286" assertions="4" />
      </testsuite>
      <testsuite name="5. Search, Server Pagination &amp; Administrative Enrichment" file="tests\lgdIngestion.test.ts" line="303" tests="4" assertions="16" failures="0" skipped="0" time="0.002" hostname="">
        <testcase name="paginates villages server-side without downloading full dataset into client" classname="5. Search, Server Pagination &amp;amp; Administrative Enrichment &amp;gt; LGD Authoritative Administrative Geography Ingestion &amp;amp; Integration Suite" time="0.001284" file="tests\lgdIngestion.test.ts" line="312" assertions="5" />
        <testcase name="searches administrative units by name or official LGD code across tiers" classname="5. Search, Server Pagination &amp;amp; Administrative Enrichment &amp;gt; LGD Authoritative Administrative Geography Ingestion &amp;amp; Integration Suite" time="0.001384" file="tests\lgdIngestion.test.ts" line="323" assertions="4" />
        <testcase name="resolves authoritative administrative enrichment deterministically from official codes" classname="5. Search, Server Pagination &amp;amp; Administrative Enrichment &amp;gt; LGD Authoritative Administrative Geography Ingestion &amp;amp; Integration Suite" time="0.000935" file="tests\lgdIngestion.test.ts" line="333" assertions="5" />
        <testcase name="truthfully returns administrative_enrichment_unavailable when unmapped codes are supplied" classname="5. Search, Server Pagination &amp;amp; Administrative Enrichment &amp;gt; LGD Authoritative Administrative Geography Ingestion &amp;amp; Integration Suite" time="0.00069" file="tests\lgdIngestion.test.ts" line="348" assertions="2" />
      </testsuite>
      <testsuite name="6. RBAC &amp; LGD Jurisdictional Scoping" file="tests\lgdIngestion.test.ts" line="360" tests="3" assertions="10" failures="0" skipped="0" time="0" hostname="">
        <testcase name="restricts Revenue Inspector by jurisdiction_district_lgd_code strictly server-side" classname="6. RBAC &amp;amp; LGD Jurisdictional Scoping &amp;gt; LGD Authoritative Administrative Geography Ingestion &amp;amp; Integration Suite" time="0.00025" file="tests\lgdIngestion.test.ts" line="406" assertions="4" />
        <testcase name="allows Admin unrestricted national portfolio visibility across all LGD jurisdictions" classname="6. RBAC &amp;amp; LGD Jurisdictional Scoping &amp;gt; LGD Authoritative Administrative Geography Ingestion &amp;amp; Integration Suite" time="0.000171" file="tests\lgdIngestion.test.ts" line="427" assertions="2" />
        <testcase name="filters cases by official LGD codes via applyScopeAndQueryParams" classname="6. RBAC &amp;amp; LGD Jurisdictional Scoping &amp;gt; LGD Authoritative Administrative Geography Ingestion &amp;amp; Integration Suite" time="0.00031" file="tests\lgdIngestion.test.ts" line="445" assertions="4" />
      </testsuite>
      <testsuite name="7. HTTP Administration API Endpoints" file="tests\lgdIngestion.test.ts" line="465" tests="5" assertions="12" failures="0" skipped="0" time="0.021" hostname="">
        <testcase name="GET /api/administration/states returns all registered states" classname="7. HTTP Administration API Endpoints &amp;gt; LGD Authoritative Administrative Geography Ingestion &amp;amp; Integration Suite" time="0.007434" file="tests\lgdIngestion.test.ts" line="496" assertions="3" />
        <testcase name="GET /api/administration/states/:stateCode/districts returns districts under state" classname="7. HTTP Administration API Endpoints &amp;gt; LGD Authoritative Administrative Geography Ingestion &amp;amp; Integration Suite" time="0.002463" file="tests\lgdIngestion.test.ts" line="504" assertions="3" />
        <testcase name="GET /api/administration/subdistricts/:code/villages returns paginated villages" classname="7. HTTP Administration API Endpoints &amp;gt; LGD Authoritative Administrative Geography Ingestion &amp;amp; Integration Suite" time="0.002078" file="tests\lgdIngestion.test.ts" line="512" assertions="4" />
        <testcase name="POST /api/administration/sync rejects unauthenticated requests with HTTP 401" classname="7. HTTP Administration API Endpoints &amp;gt; LGD Authoritative Administrative Geography Ingestion &amp;amp; Integration Suite" time="0.002017" file="tests\lgdIngestion.test.ts" line="521" assertions="1" />
        <testcase name="POST /api/administration/sync rejects non-supervisory role (viewer) with HTTP 403" classname="7. HTTP Administration API Endpoints &amp;gt; LGD Authoritative Administrative Geography Ingestion &amp;amp; Integration Suite" time="0.008246" file="tests\lgdIngestion.test.ts" line="530" assertions="1" />
      </testsuite>
    </testsuite>
  </testsuite>
  <testsuite name="tests\lgdProductionReadiness.test.ts" file="tests\lgdProductionReadiness.test.ts" tests="19" assertions="95" failures="0" skipped="0" time="0" hostname="">
    <testsuite name="LGD Controlled Full-Scale Ingestion &amp; Production-Readiness Suite" file="tests\lgdProductionReadiness.test.ts" line="153" tests="19" assertions="95" failures="0" skipped="0" time="0" hostname="">
      <testsuite name="1. Environment Safety &amp; Credential Isolation" file="tests\lgdProductionReadiness.test.ts" line="189" tests="2" assertions="8" failures="0" skipped="0" time="0.236" hostname="">
        <testcase name="verifies that LGD server configuration encapsulates credentials safely without client leaks" classname="1. Environment Safety &amp;amp; Credential Isolation &amp;gt; LGD Controlled Full-Scale Ingestion &amp;amp; Production-Readiness Suite" time="0.000274" file="tests\lgdProductionReadiness.test.ts" line="190" assertions="5" />
        <testcase name="sanitizes query execution errors to prevent credential exposure in logs" classname="1. Environment Safety &amp;amp; Credential Isolation &amp;gt; LGD Controlled Full-Scale Ingestion &amp;amp; Production-Readiness Suite" time="0.236848" file="tests\lgdProductionReadiness.test.ts" line="201" assertions="3" />
      </testsuite>
      <testsuite name="2. Controlled Multi-Tier Full Ingestion &amp; Hierarchy Validation" file="tests\lgdProductionReadiness.test.ts" line="220" tests="2" assertions="24" failures="0" skipped="0" time="0.001" hostname="">
        <testcase name="ingests full 4-tier hierarchy sequentially and records detailed metrics" classname="2. Controlled Multi-Tier Full Ingestion &amp;amp; Hierarchy Validation &amp;gt; LGD Controlled Full-Scale Ingestion &amp;amp; Production-Readiness Suite" time="0.001276" file="tests\lgdProductionReadiness.test.ts" line="221" assertions="18" />
        <testcase name="rejects orphan records when parent unit is missing and records structured error" classname="2. Controlled Multi-Tier Full Ingestion &amp;amp; Hierarchy Validation &amp;gt; LGD Controlled Full-Scale Ingestion &amp;amp; Production-Readiness Suite" time="0.000435" file="tests\lgdProductionReadiness.test.ts" line="263" assertions="6" />
      </testsuite>
      <testsuite name="3. Idempotency &amp; Duplicate Prevention" file="tests\lgdProductionReadiness.test.ts" line="289" tests="1" assertions="10" failures="0" skipped="0" time="0" hostname="">
        <testcase name="executes a second identical synchronization with zero duplicates and reports 100% unchanged" classname="3. Idempotency &amp;amp; Duplicate Prevention &amp;gt; LGD Controlled Full-Scale Ingestion &amp;amp; Production-Readiness Suite" time="0.000964" file="tests\lgdProductionReadiness.test.ts" line="290" assertions="10" />
      </testsuite>
      <testsuite name="4. Resumability &amp; Interrupted Sync Safety" file="tests\lgdProductionReadiness.test.ts" line="327" tests="1" assertions="6" failures="0" skipped="0" time="0" hostname="">
        <testcase name="supports controlled batch interruption and safely resumes from offset without duplication" classname="4. Resumability &amp;amp; Interrupted Sync Safety &amp;gt; LGD Controlled Full-Scale Ingestion &amp;amp; Production-Readiness Suite" time="0.000743" file="tests\lgdProductionReadiness.test.ts" line="328" assertions="6" />
      </testsuite>
      <testsuite name="5. Concurrency Control &amp; Mutex Locking" file="tests\lgdProductionReadiness.test.ts" line="361" tests="1" assertions="3" failures="0" skipped="0" time="1.04" hostname="">
        <testcase name="allows the first sync request and rejects a concurrent second sync request with 409 Conflict" classname="5. Concurrency Control &amp;amp; Mutex Locking &amp;gt; LGD Controlled Full-Scale Ingestion &amp;amp; Production-Readiness Suite" time="1.040798" file="tests\lgdProductionReadiness.test.ts" line="362" assertions="3" />
      </testsuite>
      <testsuite name="6. Database Hierarchy Integrity Queries" file="tests\lgdProductionReadiness.test.ts" line="394" tests="1" assertions="4" failures="0" skipped="0" time="0.001" hostname="">
        <testcase name="verifies 0 duplicate LGD codes and 0 orphan child units in database hierarchy" classname="6. Database Hierarchy Integrity Queries &amp;gt; LGD Controlled Full-Scale Ingestion &amp;amp; Production-Readiness Suite" time="0.001824" file="tests\lgdProductionReadiness.test.ts" line="395" assertions="4" />
      </testsuite>
      <testsuite name="7. Query Performance &amp; Server-Side Village Pagination" file="tests\lgdProductionReadiness.test.ts" line="440" tests="3" assertions="15" failures="0" skipped="0" time="0.001" hostname="">
        <testcase name="measures sub-millisecond query retrieval for State -&gt; District -&gt; Sub-District hierarchy" classname="7. Query Performance &amp;amp; Server-Side Village Pagination &amp;gt; LGD Controlled Full-Scale Ingestion &amp;amp; Production-Readiness Suite" time="0.001003" file="tests\lgdProductionReadiness.test.ts" line="448" assertions="6" />
        <testcase name="paginates large village rosters strictly server-side without streaming 720k rows to client" classname="7. Query Performance &amp;amp; Server-Side Village Pagination &amp;gt; LGD Controlled Full-Scale Ingestion &amp;amp; Production-Readiness Suite" time="0.00075" file="tests\lgdProductionReadiness.test.ts" line="466" assertions="5" />
        <testcase name="searches administrative entities dynamically from database with zero hardcoded arrays" classname="7. Query Performance &amp;amp; Server-Side Village Pagination &amp;gt; LGD Controlled Full-Scale Ingestion &amp;amp; Production-Readiness Suite" time="0.000818" file="tests\lgdProductionReadiness.test.ts" line="475" assertions="4" />
      </testsuite>
      <testsuite name="8. Project, Case, GIS &amp; Portfolio Integration" file="tests\lgdProductionReadiness.test.ts" line="489" tests="3" assertions="10" failures="0" skipped="0" time="0" hostname="">
        <testcase name="resolves authoritative administrative context for Projects and Cases using official LGD codes" classname="8. Project, Case, GIS &amp;amp; Portfolio Integration &amp;gt; LGD Controlled Full-Scale Ingestion &amp;amp; Production-Readiness Suite" time="0.000812" file="tests\lgdProductionReadiness.test.ts" line="497" assertions="6" />
        <testcase name="preserves honest geometry state: administrative identity available but boundary unavailable" classname="8. Project, Case, GIS &amp;amp; Portfolio Integration &amp;gt; LGD Controlled Full-Scale Ingestion &amp;amp; Production-Readiness Suite" time="0.000634" file="tests\lgdProductionReadiness.test.ts" line="513" assertions="2" />
        <testcase name="truthfully returns administrative_enrichment_unavailable when unmapped LGD code is queried" classname="8. Project, Case, GIS &amp;amp; Portfolio Integration &amp;gt; LGD Controlled Full-Scale Ingestion &amp;amp; Production-Readiness Suite" time="0.000511" file="tests\lgdProductionReadiness.test.ts" line="523" assertions="2" />
      </testsuite>
      <testsuite name="9. RBAC &amp; Jurisdictional Scoping Scrutiny" file="tests\lgdProductionReadiness.test.ts" line="536" tests="3" assertions="7" failures="0" skipped="0" time="0" hostname="">
        <testcase name="restricts Revenue Inspector by jurisdiction_district_lgd_code strictly server-side" classname="9. RBAC &amp;amp; Jurisdictional Scoping Scrutiny &amp;gt; LGD Controlled Full-Scale Ingestion &amp;amp; Production-Readiness Suite" time="0.000269" file="tests\lgdProductionReadiness.test.ts" line="586" assertions="4" />
        <testcase name="blocks scope bypass via malicious client query parameters" classname="9. RBAC &amp;amp; Jurisdictional Scoping Scrutiny &amp;gt; LGD Controlled Full-Scale Ingestion &amp;amp; Production-Readiness Suite" time="0.000209" file="tests\lgdProductionReadiness.test.ts" line="608" assertions="1" />
        <testcase name="allows Admin full unrestricted national scope across all LGD codes" classname="9. RBAC &amp;amp; Jurisdictional Scoping Scrutiny &amp;gt; LGD Controlled Full-Scale Ingestion &amp;amp; Production-Readiness Suite" time="0.000154" file="tests\lgdProductionReadiness.test.ts" line="632" assertions="2" />
      </testsuite>
      <testsuite name="10. Historical Data Safety &amp; Provenance Integrity" file="tests\lgdProductionReadiness.test.ts" line="653" tests="2" assertions="8" failures="0" skipped="0" time="0" hostname="">
        <testcase name="verifies that LGD ingestion retains complete provenance metadata" classname="10. Historical Data Safety &amp;amp; Provenance Integrity &amp;gt; LGD Controlled Full-Scale Ingestion &amp;amp; Production-Readiness Suite" time="0.000436" file="tests\lgdProductionReadiness.test.ts" line="654" assertions="5" />
        <testcase name="preserves existing case and project entity stability without destructive overwrites" classname="10. Historical Data Safety &amp;amp; Provenance Integrity &amp;gt; LGD Controlled Full-Scale Ingestion &amp;amp; Production-Readiness Suite" time="0.000578" file="tests\lgdProductionReadiness.test.ts" line="667" assertions="3" />
      </testsuite>
    </testsuite>
  </testsuite>
  <testsuite name="tests\mapProvider.test.ts" file="tests\mapProvider.test.ts" tests="18" assertions="80" failures="0" skipped="0" time="0" hostname="">
    <testsuite name="Map Provider Adapter &amp; Basemap Cartography Abstraction Suite" file="tests\mapProvider.test.ts" line="11" tests="18" assertions="80" failures="0" skipped="0" time="0" hostname="">
      <testsuite name="1. MapTiler Key Structural Validation" file="tests\mapProvider.test.ts" line="26" tests="2" assertions="11" failures="0" skipped="0" time="0" hostname="">
        <testcase name="identifies valid MapTiler keys accurately" classname="1. MapTiler Key Structural Validation &amp;gt; Map Provider Adapter &amp;amp; Basemap Cartography Abstraction Suite" time="0.000217" file="tests\mapProvider.test.ts" line="27" assertions="2" />
        <testcase name="strictly rejects placeholder, empty, or deficient keys" classname="1. MapTiler Key Structural Validation &amp;gt; Map Provider Adapter &amp;amp; Basemap Cartography Abstraction Suite" time="0.000161" file="tests\mapProvider.test.ts" line="32" assertions="9" />
      </testsuite>
      <testsuite name="2. Canonical OpenStreetMap Resolution" file="tests\mapProvider.test.ts" line="44" tests="2" assertions="9" failures="0" skipped="0" time="0" hostname="">
        <testcase name="resolves standard OSM when requested explicitly" classname="2. Canonical OpenStreetMap Resolution &amp;gt; Map Provider Adapter &amp;amp; Basemap Cartography Abstraction Suite" time="0.000639" file="tests\mapProvider.test.ts" line="45" assertions="6" />
        <testcase name="resolves standard OSM by default when no provider or policy is given" classname="2. Canonical OpenStreetMap Resolution &amp;gt; Map Provider Adapter &amp;amp; Basemap Cartography Abstraction Suite" time="0.000114" file="tests\mapProvider.test.ts" line="55" assertions="3" />
      </testsuite>
      <testsuite name="3. MapTiler Resolution (Configured &amp; Operational)" file="tests\mapProvider.test.ts" line="66" tests="4" assertions="21" failures="0" skipped="0" time="0" hostname="">
        <testcase name="resolves MapTiler Streets v2 with valid key" classname="3. MapTiler Resolution (Configured &amp;amp; Operational) &amp;gt; Map Provider Adapter &amp;amp; Basemap Cartography Abstraction Suite" time="0.000201" file="tests\mapProvider.test.ts" line="67" assertions="8" />
        <testcase name="resolves MapTiler Satellite imagery with .jpg extension and zoom 20" classname="3. MapTiler Resolution (Configured &amp;amp; Operational) &amp;gt; Map Provider Adapter &amp;amp; Basemap Cartography Abstraction Suite" time="0.000112" file="tests\mapProvider.test.ts" line="84" assertions="4" />
        <testcase name="resolves MapTiler Topographic (Topo v2) with terrain contours" classname="3. MapTiler Resolution (Configured &amp;amp; Operational) &amp;gt; Map Provider Adapter &amp;amp; Basemap Cartography Abstraction Suite" time="0.000097" file="tests\mapProvider.test.ts" line="97" assertions="3" />
        <testcase name="handles compound aliases like &quot;maptiler_streets&quot;, &quot;maptiler_satellite&quot;, &quot;maptiler_topo&quot;" classname="3. MapTiler Resolution (Configured &amp;amp; Operational) &amp;gt; Map Provider Adapter &amp;amp; Basemap Cartography Abstraction Suite" time="0.000185" file="tests\mapProvider.test.ts" line="109" assertions="6" />
      </testsuite>
      <testsuite name="4. Graceful Fallback When MapTiler Key Missing or Invalid" file="tests\mapProvider.test.ts" line="127" tests="2" assertions="10" failures="0" skipped="0" time="0" hostname="">
        <testcase name="seamlessly falls back to OpenStreetMap when MapTiler key is empty" classname="4. Graceful Fallback When MapTiler Key Missing or Invalid &amp;gt; Map Provider Adapter &amp;amp; Basemap Cartography Abstraction Suite" time="0.000156" file="tests\mapProvider.test.ts" line="128" assertions="7" />
        <testcase name="falls back to OpenStreetMap when key is a placeholder (&quot;your-maptiler-key&quot;)" classname="4. Graceful Fallback When MapTiler Key Missing or Invalid &amp;gt; Map Provider Adapter &amp;amp; Basemap Cartography Abstraction Suite" time="0.000094" file="tests\mapProvider.test.ts" line="145" assertions="3" />
      </testsuite>
      <testsuite name="5. Complete Elimination of Unauthenticated Broken Carto CDN" file="tests\mapProvider.test.ts" line="160" tests="3" assertions="11" failures="0" skipped="0" time="0" hostname="">
        <testcase name="intercepts &quot;positron&quot; and safely routes to OpenStreetMap" classname="5. Complete Elimination of Unauthenticated Broken Carto CDN &amp;gt; Map Provider Adapter &amp;amp; Basemap Cartography Abstraction Suite" time="0.000114" file="tests\mapProvider.test.ts" line="161" assertions="5" />
        <testcase name="intercepts &quot;dark&quot; / &quot;carto_dark&quot; and safely routes to OpenStreetMap" classname="5. Complete Elimination of Unauthenticated Broken Carto CDN &amp;gt; Map Provider Adapter &amp;amp; Basemap Cartography Abstraction Suite" time="0.000089" file="tests\mapProvider.test.ts" line="170" assertions="4" />
        <testcase name="intercepts &quot;carto_positron&quot; from legacy IntegrationPolicy and prevents broken tiles" classname="5. Complete Elimination of Unauthenticated Broken Carto CDN &amp;gt; Map Provider Adapter &amp;amp; Basemap Cartography Abstraction Suite" time="0.0001" file="tests\mapProvider.test.ts" line="178" assertions="2" />
      </testsuite>
      <testsuite name="6. Policy-Governed Basemap Provider Selection" file="tests\mapProvider.test.ts" line="198" tests="2" assertions="7" failures="0" skipped="0" time="0" hostname="">
        <testcase name="uses IntegrationPolicy.map_provider when no explicit provider is given" classname="6. Policy-Governed Basemap Provider Selection &amp;gt; Map Provider Adapter &amp;amp; Basemap Cartography Abstraction Suite" time="0.00013" file="tests\mapProvider.test.ts" line="199" assertions="4" />
        <testcase name="defaults to OSM when IntegrationPolicy.map_provider is &quot;osm&quot;" classname="6. Policy-Governed Basemap Provider Selection &amp;gt; Map Provider Adapter &amp;amp; Basemap Cartography Abstraction Suite" time="0.000098" file="tests\mapProvider.test.ts" line="220" assertions="3" />
      </testsuite>
      <testsuite name="7. Security &amp; Zero Credential Leakage" file="tests\mapProvider.test.ts" line="241" tests="2" assertions="4" failures="0" skipped="0" time="0" hostname="">
        <testcase name="never leaks API key in fallback config or error messages" classname="7. Security &amp;amp; Zero Credential Leakage &amp;gt; Map Provider Adapter &amp;amp; Basemap Cartography Abstraction Suite" time="0.000068" file="tests\mapProvider.test.ts" line="242" assertions="2" />
        <testcase name="dual attribution is always compliant for MapTiler (MapTiler + OSM)" classname="7. Security &amp;amp; Zero Credential Leakage &amp;gt; Map Provider Adapter &amp;amp; Basemap Cartography Abstraction Suite" time="0.000195" file="tests\mapProvider.test.ts" line="252" assertions="2" />
      </testsuite>
      <testsuite name="8. Runtime Tile Error Fallback Handling" file="tests\mapProvider.test.ts" line="266" tests="1" assertions="7" failures="0" skipped="0" time="0" hostname="">
        <testcase name="creates Leaflet TileLayer and registers error listener that swaps to OSM" classname="8. Runtime Tile Error Fallback Handling &amp;gt; Map Provider Adapter &amp;amp; Basemap Cartography Abstraction Suite" time="0.000829" file="tests\mapProvider.test.ts" line="267" assertions="7" />
      </testsuite>
    </testsuite>
  </testsuite>
  <testsuite name="tests\policyEngine.test.ts" file="tests\policyEngine.test.ts" tests="7" assertions="46" failures="0" skipped="0" time="0" hostname="">
    <testsuite name="Day 5 Configurable Policy Engine &amp; Business Rules" file="tests\policyEngine.test.ts" line="23" tests="7" assertions="46" failures="0" skipped="0" time="1.663" hostname="">
      <testcase name="retrieves default institutional policy configurations with zero hardcoding" classname="Day 5 Configurable Policy Engine &amp;amp; Business Rules" time="0.000314" file="tests\policyEngine.test.ts" line="29" assertions="14" />
      <testcase name="dynamically updates policy in-memory and records audit trail" classname="Day 5 Configurable Policy Engine &amp;amp; Business Rules" time="0.547456" file="tests\policyEngine.test.ts" line="55" assertions="7" />
      <testcase name="risk calculation responds dynamically to configurable policy weights" classname="Day 5 Configurable Policy Engine &amp;amp; Business Rules" time="0.001296" file="tests\policyEngine.test.ts" line="85" assertions="2" />
      <testcase name="bottleneck detection responds dynamically to configurable threshold overrides" classname="Day 5 Configurable Policy Engine &amp;amp; Business Rules" time="0.000517" file="tests\policyEngine.test.ts" line="152" assertions="2" />
      <testcase name="portfolio operations attention queue responds dynamically to delay threshold policy" classname="Day 5 Configurable Policy Engine &amp;amp; Business Rules" time="0.001446" file="tests\policyEngine.test.ts" line="197" assertions="3" />
      <testcase name="retrieves default Day 2 live external data policies via policy engine" classname="Day 5 Configurable Policy Engine &amp;amp; Business Rules" time="0.001706" file="tests\policyEngine.test.ts" line="246" assertions="15" />
      <testcase name="Day 2 services respond dynamically when policy configuration is updated" classname="Day 5 Configurable Policy Engine &amp;amp; Business Rules" time="1.113004" file="tests\policyEngine.test.ts" line="278" assertions="3" />
    </testsuite>
  </testsuite>
  <testsuite name="tests\portfolioOperations.test.ts" file="tests\portfolioOperations.test.ts" tests="9" assertions="45" failures="0" skipped="0" time="0" hostname="">
    <testsuite name="Day 4 National &amp; Portfolio Operations Layer" file="tests\portfolioOperations.test.ts" line="9" tests="9" assertions="45" failures="0" skipped="0" time="0" hostname="">
      <testsuite name="Portfolio Aggregations &amp; Multi-Case Analytics" file="tests\portfolioOperations.test.ts" line="210" tests="2" assertions="15" failures="0" skipped="0" time="0.002" hostname="">
        <testcase name="aggregates portfolio metrics accurately without hardcoding" classname="Portfolio Aggregations &amp;amp; Multi-Case Analytics &amp;gt; Day 4 National &amp;amp; Portfolio Operations Layer" time="0.002449" file="tests\portfolioOperations.test.ts" line="211" assertions="7" />
        <testcase name="handles empty database state with honest zeros and empty collections" classname="Portfolio Aggregations &amp;amp; Multi-Case Analytics &amp;gt; Day 4 National &amp;amp; Portfolio Operations Layer" time="0.000264" file="tests\portfolioOperations.test.ts" line="228" assertions="8" />
      </testsuite>
      <testsuite name="Operational Attention Queue" file="tests\portfolioOperations.test.ts" line="244" tests="1" assertions="7" failures="0" skipped="0" time="0.001" hostname="">
        <testcase name="filters cases into the Attention Queue based strictly on actual friction triggers" classname="Operational Attention Queue &amp;gt; Day 4 National &amp;amp; Portfolio Operations Layer" time="0.001397" file="tests\portfolioOperations.test.ts" line="245" assertions="7" />
      </testsuite>
      <testsuite name="Multi-Dimensional Query Filtering" file="tests\portfolioOperations.test.ts" line="268" tests="2" assertions="6" failures="0" skipped="0" time="0.001" hostname="">
        <testcase name="filters by state correctly" classname="Multi-Dimensional Query Filtering &amp;gt; Day 4 National &amp;amp; Portfolio Operations Layer" time="0.00117" file="tests\portfolioOperations.test.ts" line="269" assertions="4" />
        <testcase name="filters by status correctly" classname="Multi-Dimensional Query Filtering &amp;gt; Day 4 National &amp;amp; Portfolio Operations Layer" time="0.000785" file="tests\portfolioOperations.test.ts" line="289" assertions="2" />
      </testsuite>
      <testsuite name="Systemic Bottleneck Aggregations" file="tests\portfolioOperations.test.ts" line="301" tests="1" assertions="5" failures="0" skipped="0" time="0.001" hostname="">
        <testcase name="groups active bottlenecks by stage and computes accumulated delay" classname="Systemic Bottleneck Aggregations &amp;gt; Day 4 National &amp;amp; Portfolio Operations Layer" time="0.001195" file="tests\portfolioOperations.test.ts" line="302" assertions="5" />
      </testsuite>
      <testsuite name="Workflow Duration Performance SLA Calculations" file="tests\portfolioOperations.test.ts" line="319" tests="1" assertions="6" failures="0" skipped="0" time="0.001" hostname="">
        <testcase name="computes expected vs actual durations across arbitrary workflows" classname="Workflow Duration Performance SLA Calculations &amp;gt; Day 4 National &amp;amp; Portfolio Operations Layer" time="0.001339" file="tests\portfolioOperations.test.ts" line="320" assertions="6" />
      </testsuite>
      <testsuite name="Geographic Centroid Extraction (Zero Hardcoding)" file="tests\portfolioOperations.test.ts" line="340" tests="2" assertions="6" failures="0" skipped="0" time="0" hostname="">
        <testcase name="calculates genuine centroid [lat, lng] from GeoJSON polygon coordinates" classname="Geographic Centroid Extraction (Zero Hardcoding) &amp;gt; Day 4 National &amp;amp; Portfolio Operations Layer" time="0.000501" file="tests\portfolioOperations.test.ts" line="341" assertions="3" />
        <testcase name="returns undefined when geometry is absent or invalid without fabricating coordinates" classname="Geographic Centroid Extraction (Zero Hardcoding) &amp;gt; Day 4 National &amp;amp; Portfolio Operations Layer" time="0.000713" file="tests\portfolioOperations.test.ts" line="361" assertions="3" />
      </testsuite>
    </testsuite>
  </testsuite>
  <testsuite name="tests\routeMatching.test.ts" file="tests\routeMatching.test.ts" tests="22" assertions="60" failures="0" skipped="0" time="0" hostname="">
    <testsuite name="Route Matching - path parsing" file="tests\routeMatching.test.ts" line="21" tests="2" assertions="9" failures="0" skipped="0" time="0.004" hostname="">
      <testcase name="splits a pattern into literal, param, optional and wildcard segments" classname="Route Matching - path parsing" time="0.004762" file="tests\routeMatching.test.ts" line="22" assertions="4" />
      <testcase name="ignores trailing slashes, query strings and hash fragments in a pathname" classname="Route Matching - path parsing" time="0.000303" file="tests\routeMatching.test.ts" line="35" assertions="5" />
    </testsuite>
    <testsuite name="Route Matching - matchPath" file="tests\routeMatching.test.ts" line="44" tests="7" assertions="19" failures="0" skipped="0" time="0" hostname="">
      <testcase name="matches literal paths exactly" classname="Route Matching - matchPath" time="0.000357" file="tests\routeMatching.test.ts" line="45" assertions="4" />
      <testcase name="extracts required and optional params" classname="Route Matching - matchPath" time="0.0003" file="tests\routeMatching.test.ts" line="52" assertions="4" />
      <testcase name="requires a value for non-optional params" classname="Route Matching - matchPath" time="0.000165" file="tests\routeMatching.test.ts" line="62" assertions="2" />
      <testcase name="rejects paths with surplus segments" classname="Route Matching - matchPath" time="0.000116" file="tests\routeMatching.test.ts" line="67" assertions="2" />
      <testcase name="treats a wildcard as matching any remainder, including nothing" classname="Route Matching - matchPath" time="0.000083" file="tests\routeMatching.test.ts" line="72" assertions="2" />
      <testcase name="decodes percent-encoded segments and survives malformed encoding" classname="Route Matching - matchPath" time="0.000309" file="tests\routeMatching.test.ts" line="77" assertions="4" />
      <testcase name="round-trips non-ASCII identifiers" classname="Route Matching - matchPath" time="0.000603" file="tests\routeMatching.test.ts" line="87" assertions="1" />
    </testsuite>
    <testsuite name="Route Matching - specificity ranking" file="tests\routeMatching.test.ts" line="94" tests="3" assertions="8" failures="0" skipped="0" time="0" hostname="">
      <testcase name="scores static segments above parameters and ranks wildcards last" classname="Route Matching - specificity ranking" time="0.000396" file="tests\routeMatching.test.ts" line="95" assertions="5" />
      <testcase name="selects a static route over a parameterised one regardless of declaration order" classname="Route Matching - specificity ranking" time="0.000316" file="tests\routeMatching.test.ts" line="107" assertions="2" />
      <testcase name="returns null when nothing matches at all" classname="Route Matching - specificity ranking" time="0.000109" file="tests\routeMatching.test.ts" line="114" assertions="1" />
    </testsuite>
    <testsuite name="Route Generation - buildPath" file="tests\routeMatching.test.ts" line="119" tests="5" assertions="13" failures="0" skipped="0" time="0" hostname="">
      <testcase name="generates literal and parameterised paths" classname="Route Generation - buildPath" time="0.000218" file="tests\routeMatching.test.ts" line="120" assertions="3" />
      <testcase name="omits optional segments that were not supplied" classname="Route Generation - buildPath" time="0.000156" file="tests\routeMatching.test.ts" line="126" assertions="3" />
      <testcase name="throws for a missing required param rather than emitting a broken URL" classname="Route Generation - buildPath" time="0.000347" file="tests\routeMatching.test.ts" line="132" assertions="2" />
      <testcase name="percent-encodes parameter values" classname="Route Generation - buildPath" time="0.000173" file="tests\routeMatching.test.ts" line="137" assertions="3" />
      <testcase name="appends a query string when provided" classname="Route Generation - buildPath" time="0.000226" file="tests\routeMatching.test.ts" line="143" assertions="2" />
    </testsuite>
    <testsuite name="Route Generation - query parameters" file="tests\routeMatching.test.ts" line="151" tests="5" assertions="11" failures="0" skipped="0" time="0" hostname="">
      <testcase name="serialises with sorted keys for stable, copy-pasteable URLs" classname="Route Generation - query parameters" time="0.000091" file="tests\routeMatching.test.ts" line="152" assertions="2" />
      <testcase name="omits empty, null and undefined values but keeps 0 and false" classname="Route Generation - query parameters" time="0.000092" file="tests\routeMatching.test.ts" line="157" assertions="2" />
      <testcase name="parses query strings with or without a leading question mark" classname="Route Generation - query parameters" time="0.000285" file="tests\routeMatching.test.ts" line="162" assertions="4" />
      <testcase name="decodes values and resolves duplicate keys last-wins" classname="Route Generation - query parameters" time="0.00011" file="tests\routeMatching.test.ts" line="169" assertions="2" />
      <testcase name="round-trips generated query strings" classname="Route Generation - query parameters" time="0.000116" file="tests\routeMatching.test.ts" line="174" assertions="1" />
    </testsuite>
  </testsuite>
  <testsuite name="tests\routeRegistry.test.ts" file="tests\routeRegistry.test.ts" tests="15" assertions="189" failures="0" skipped="0" time="0" hostname="">
    <testsuite name="Route Registry - structural integrity" file="tests\routeRegistry.test.ts" line="41" tests="6" assertions="128" failures="0" skipped="0" time="0.003" hostname="">
      <testcase name="declares every route with a unique id" classname="Route Registry - structural integrity" time="0.00388" file="tests\routeRegistry.test.ts" line="42" assertions="1" />
      <testcase name="declares every route with a unique path pattern" classname="Route Registry - structural integrity" time="0.000163" file="tests\routeRegistry.test.ts" line="47" assertions="1" />
      <testcase name="gives every route the metadata the shell and sidebar depend on" classname="Route Registry - structural integrity" time="0.000124" file="tests\routeRegistry.test.ts" line="52" assertions="55" />
      <testcase name="restricts role metadata to declared UserRole values" classname="Route Registry - structural integrity" time="0.000094" file="tests\routeRegistry.test.ts" line="63" assertions="57" />
      <testcase name="registers exactly one terminal wildcard route, declared last" classname="Route Registry - structural integrity" time="0.000086" file="tests\routeRegistry.test.ts" line="71" assertions="3" />
      <testcase name="assigns a module to every navigable route and none to the catch-all" classname="Route Registry - structural integrity" time="0.000125" file="tests\routeRegistry.test.ts" line="78" assertions="11" />
    </testsuite>
    <testsuite name="Route Registry - pattern self-consistency" file="tests\routeRegistry.test.ts" line="89" tests="2" assertions="20" failures="0" skipped="0" time="0.001" hostname="">
      <testcase name="round-trips every declared pattern through buildPath and matchPath" classname="Route Registry - pattern self-consistency" time="0.000488" file="tests\routeRegistry.test.ts" line="90" assertions="10" />
      <testcase name="resolves each generated path back to the same registry entry" classname="Route Registry - pattern self-consistency" time="0.001285" file="tests\routeRegistry.test.ts" line="101" assertions="10" />
    </testsuite>
    <testsuite name="Route Registry - nested in-page tabs" file="tests\routeRegistry.test.ts" line="113" tests="4" assertions="24" failures="0" skipped="0" time="0.001" hostname="">
      <testcase name="separates the registry list from the case workspace" classname="Route Registry - nested in-page tabs" time="0.000411" file="tests\routeRegistry.test.ts" line="114" assertions="3" />
      <testcase name="exposes each case tab as an addressable route segment" classname="Route Registry - nested in-page tabs" time="0.001088" file="tests\routeRegistry.test.ts" line="123" assertions="16" />
      <testcase name="exposes analytics, intelligence, admin and governance sub-views as segments" classname="Route Registry - nested in-page tabs" time="0.000406" file="tests\routeRegistry.test.ts" line="142" assertions="4" />
      <testcase name="keeps query strings out of route parameter matching" classname="Route Registry - nested in-page tabs" time="0.000185" file="tests\routeRegistry.test.ts" line="153" assertions="1" />
    </testsuite>
    <testsuite name="Route Registry - unknown routes" file="tests\routeRegistry.test.ts" line="159" tests="3" assertions="17" failures="0" skipped="0" time="0" hostname="">
      <testcase name="falls back to the not-found route for unregistered paths" classname="Route Registry - unknown routes" time="0.000333" file="tests\routeRegistry.test.ts" line="160" assertions="4" />
      <testcase name="never resolves the wildcard while a concrete route matches" classname="Route Registry - unknown routes" time="0.000888" file="tests\routeRegistry.test.ts" line="166" assertions="10" />
      <testcase name="maps canonical entry paths to the dashboard" classname="Route Registry - unknown routes" time="0.000148" file="tests\routeRegistry.test.ts" line="176" assertions="3" />
    </testsuite>
  </testsuite>
  <testsuite name="tests\workflowEngine.test.ts" file="tests\workflowEngine.test.ts" tests="3" assertions="18" failures="0" skipped="0" time="0" hostname="">
    <testsuite name="Configurable Workflow Engine - Multi-Workflow Validation" file="tests\workflowEngine.test.ts" line="5" tests="3" assertions="18" failures="0" skipped="0" time="0" hostname="">
      <testcase name="calculates dynamic timeline dates for Workflow 1 strictly from stage durations" classname="Configurable Workflow Engine - Multi-Workflow Validation" time="0.000471" file="tests\workflowEngine.test.ts" line="117" assertions="9" />
      <testcase name="calculates dynamic timeline dates for Workflow 2 with custom lag days" classname="Configurable Workflow Engine - Multi-Workflow Validation" time="0.000176" file="tests\workflowEngine.test.ts" line="149" assertions="5" />
      <testcase name="detects and propagates delay on arbitrary workflows" classname="Configurable Workflow Engine - Multi-Workflow Validation" time="0.000305" file="tests\workflowEngine.test.ts" line="170" assertions="4" />
    </testsuite>
  </testsuite>
</testsuites>
